Archive member included to satisfy reference by file (symbol)

C:/ST/STM32CubeIDE_1.14.0/STM32CubeIDE/plugins/com.st.stm32cube.ide.mcu.externaltools.gnu-tools-for-stm32.11.3.rel1.win32_1.1.100.202309141235/tools/bin/../lib/gcc/arm-none-eabi/11.3.1/../../../../arm-none-eabi/lib/thumb/v7-m/nofp\libc_nano.a(libc_a-atoi.o)
                              ./Core/Src/comm_manager.o (atoi)
C:/ST/STM32CubeIDE_1.14.0/STM32CubeIDE/plugins/com.st.stm32cube.ide.mcu.externaltools.gnu-tools-for-stm32.11.3.rel1.win32_1.1.100.202309141235/tools/bin/../lib/gcc/arm-none-eabi/11.3.1/../../../../arm-none-eabi/lib/thumb/v7-m/nofp\libc_nano.a(libc_a-exit.o)
                              C:/ST/STM32CubeIDE_1.14.0/STM32CubeIDE/plugins/com.st.stm32cube.ide.mcu.externaltools.gnu-tools-for-stm32.11.3.rel1.win32_1.1.100.202309141235/tools/bin/../lib/gcc/arm-none-eabi/11.3.1/../../../../arm-none-eabi/lib/thumb/v7-m/nofp/crt0.o (exit)
C:/ST/STM32CubeIDE_1.14.0/STM32CubeIDE/plugins/com.st.stm32cube.ide.mcu.externaltools.gnu-tools-for-stm32.11.3.rel1.win32_1.1.100.202309141235/tools/bin/../lib/gcc/arm-none-eabi/11.3.1/../../../../arm-none-eabi/lib/thumb/v7-m/nofp\libc_nano.a(libc_a-strtol.o)
                              C:/ST/STM32CubeIDE_1.14.0/STM32CubeIDE/plugins/com.st.stm32cube.ide.mcu.externaltools.gnu-tools-for-stm32.11.3.rel1.win32_1.1.100.202309141235/tools/bin/../lib/gcc/arm-none-eabi/11.3.1/../../../../arm-none-eabi/lib/thumb/v7-m/nofp\libc_nano.a(libc_a-atoi.o) (_strtol_r)
C:/ST/STM32CubeIDE_1.14.0/STM32CubeIDE/plugins/com.st.stm32cube.ide.mcu.externaltools.gnu-tools-for-stm32.11.3.rel1.win32_1.1.100.202309141235/tools/bin/../lib/gcc/arm-none-eabi/11.3.1/../../../../arm-none-eabi/lib/thumb/v7-m/nofp\libc_nano.a(libc_a-ctype_.o)
                              C:/ST/STM32CubeIDE_1.14.0/STM32CubeIDE/plugins/com.st.stm32cube.ide.mcu.externaltools.gnu-tools-for-stm32.11.3.rel1.win32_1.1.100.202309141235/tools/bin/../lib/gcc/arm-none-eabi/11.3.1/../../../../arm-none-eabi/lib/thumb/v7-m/nofp\libc_nano.a(libc_a-strtol.o) (_ctype_)
C:/ST/STM32CubeIDE_1.14.0/STM32CubeIDE/plugins/com.st.stm32cube.ide.mcu.externaltools.gnu-tools-for-stm32.11.3.rel1.win32_1.1.100.202309141235/tools/bin/../lib/gcc/arm-none-eabi/11.3.1/../../../../arm-none-eabi/lib/thumb/v7-m/nofp\libc_nano.a(libc_a-findfp.o)
                              C:/ST/STM32CubeIDE_1.14.0/STM32CubeIDE/plugins/com.st.stm32cube.ide.mcu.externaltools.gnu-tools-for-stm32.11.3.rel1.win32_1.1.100.202309141235/tools/bin/../lib/gcc/arm-none-eabi/11.3.1/../../../../arm-none-eabi/lib/thumb/v7-m/nofp\libc_nano.a(libc_a-exit.o) (__stdio_exit_handler)
C:/ST/STM32CubeIDE_1.14.0/STM32CubeIDE/plugins/com.st.stm32cube.ide.mcu.externaltools.gnu-tools-for-stm32.11.3.rel1.win32_1.1.100.202309141235/tools/bin/../lib/gcc/arm-none-eabi/11.3.1/../../../../arm-none-eabi/lib/thumb/v7-m/nofp\libc_nano.a(libc_a-fwalk.o)
                              C:/ST/STM32CubeIDE_1.14.0/STM32CubeIDE/plugins/com.st.stm32cube.ide.mcu.externaltools.gnu-tools-for-stm32.11.3.rel1.win32_1.1.100.202309141235/tools/bin/../lib/gcc/arm-none-eabi/11.3.1/../../../../arm-none-eabi/lib/thumb/v7-m/nofp\libc_nano.a(libc_a-findfp.o) (_fwalk_sglue)
C:/ST/STM32CubeIDE_1.14.0/STM32CubeIDE/plugins/com.st.stm32cube.ide.mcu.externaltools.gnu-tools-for-stm32.11.3.rel1.win32_1.1.100.202309141235/tools/bin/../lib/gcc/arm-none-eabi/11.3.1/../../../../arm-none-eabi/lib/thumb/v7-m/nofp\libc_nano.a(libc_a-sprintf.o)
                              ./Core/Src/main.o (sprintf)
C:/ST/STM32CubeIDE_1.14.0/STM32CubeIDE/plugins/com.st.stm32cube.ide.mcu.externaltools.gnu-tools-for-stm32.11.3.rel1.win32_1.1.100.202309141235/tools/bin/../lib/gcc/arm-none-eabi/11.3.1/../../../../arm-none-eabi/lib/thumb/v7-m/nofp\libc_nano.a(libc_a-stdio.o)
                              C:/ST/STM32CubeIDE_1.14.0/STM32CubeIDE/plugins/com.st.stm32cube.ide.mcu.externaltools.gnu-tools-for-stm32.11.3.rel1.win32_1.1.100.202309141235/tools/bin/../lib/gcc/arm-none-eabi/11.3.1/../../../../arm-none-eabi/lib/thumb/v7-m/nofp\libc_nano.a(libc_a-findfp.o) (__sread)
C:/ST/STM32CubeIDE_1.14.0/STM32CubeIDE/plugins/com.st.stm32cube.ide.mcu.externaltools.gnu-tools-for-stm32.11.3.rel1.win32_1.1.100.202309141235/tools/bin/../lib/gcc/arm-none-eabi/11.3.1/../../../../arm-none-eabi/lib/thumb/v7-m/nofp\libc_nano.a(libc_a-memset.o)
                              C:/ST/STM32CubeIDE_1.14.0/STM32CubeIDE/plugins/com.st.stm32cube.ide.mcu.externaltools.gnu-tools-for-stm32.11.3.rel1.win32_1.1.100.202309141235/tools/bin/../lib/gcc/arm-none-eabi/11.3.1/../../../../arm-none-eabi/lib/thumb/v7-m/nofp/crt0.o (memset)
C:/ST/STM32CubeIDE_1.14.0/STM32CubeIDE/plugins/com.st.stm32cube.ide.mcu.externaltools.gnu-tools-for-stm32.11.3.rel1.win32_1.1.100.202309141235/tools/bin/../lib/gcc/arm-none-eabi/11.3.1/../../../../arm-none-eabi/lib/thumb/v7-m/nofp\libc_nano.a(libc_a-strchr.o)
                              ./Core/Src/comm_manager.o (strchr)
[...]
Memory Configuration

Name             Origin             Length             Attributes
RAM              0x0000000020000000 0x0000000000005000 xrw
FLASH            0x0000000008000000 0x0000000000010000 xr
*default*        0x0000000000000000 0xffffffffffffffff

Linker script and memory map

LOAD C:/ST/STM32CubeIDE_1.14.0/STM32CubeIDE/plugins/com.st.stm32cube.ide.mcu.externaltools.gnu-tools-for-stm32.11.3.rel1.win32_1.1.100.202309141235/tools/bin/../lib/gcc/arm-none-eabi/11.3.1/thumb/v7-m/nofp/crti.o
LOAD C:/ST/STM32CubeIDE_1.14.0/STM32CubeIDE/plugins/com.st.stm32cube.ide.mcu.externaltools.gnu-tools-for-stm32.11.3.rel1.win32_1.1.100.202309141235/tools/bin/../lib/gcc/arm-none-eabi/11.3.1/thumb/v7-m/nofp/crtbegin.o
LOAD C:/ST/STM32CubeIDE_1.14.0/STM32CubeIDE/plugins/com.st.stm32cube.ide.mcu.externaltools.gnu-tools-for-stm32.11.3.rel1.win32_1.1.100.202309141235/tools/bin/../lib/gcc/arm-none-eabi/11.3.1/../../../../arm-none-eabi/lib/thumb/v7-m/nofp/crt0.o
LOAD ./Core/Src/comm_manager.o
LOAD ./Core/Src/gpio.o
LOAD ./Core/Src/gripper_driver.o
LOAD ./Core/Src/i2c.o
LOAD ./Core/Src/lcd_i2c.o
LOAD ./Core/Src/main.o
LOAD ./Core/Src/motor_driver.o
LOAD ./Core/Src/robot_logic.o
LOAD ./Core/Src/stm32f1xx_hal_msp.o
LOAD ./Core/Src/stm32f1xx_it.o
LOAD ./Core/Src/syscalls.o
LOAD ./Core/Src/sysmem.o
LOAD ./Core/Src/system_stm32f1xx.o
LOAD ./Core/Src/tim.o
LOAD ./Core/Startup/startup_stm32f103c8tx.o
LOAD ./Drivers/STM32F1xx_HAL_Driver/Src/stm32f1xx_hal.o
LOAD ./Drivers/STM32F1xx_HAL_Driver/Src/stm32f1xx_hal_cortex.o
LOAD ./Drivers/STM32F1xx_HAL_Driver/Src/stm32f1xx_hal_dma.o
LOAD ./Drivers/STM32F1xx_HAL_Driver/Src/stm32f1xx_hal_exti.o
LOAD ./Drivers/STM32F1xx_HAL_Driver/Src/stm32f1xx_hal_flash.o
LOAD ./Drivers/STM32F1xx_HAL_Driver/Src/stm32f1xx_hal_flash_ex.o
LOAD ./Drivers/STM32F1xx_HAL_Driver/Src/stm32f1xx_hal_gpio.o
LOAD ./Drivers/STM32F1xx_HAL_Driver/Src/stm32f1xx_hal_gpio_ex.o
LOAD ./Drivers/STM32F1xx_HAL_Driver/Src/stm32f1xx_hal_i2c.o
LOAD ./Drivers/STM32F1xx_HAL_Driver/Src/stm32f1xx_hal_pcd.o
LOAD ./Drivers/STM32F1xx_HAL_Driver/Src/stm32f1xx_hal_pcd_ex.o
LOAD ./Drivers/STM32F1xx_HAL_Driver/Src/stm32f1xx_hal_pwr.o
LOAD ./Drivers/STM32F1xx_HAL_Driver/Src/stm32f1xx_hal_rcc.o
LOAD ./Drivers/STM32F1xx_HAL_Driver/Src/stm32f1xx_hal_rcc_ex.o
LOAD ./Drivers/STM32F1xx_HAL_Driver/Src/stm32f1xx_hal_tim.o
LOAD ./Drivers/STM32F1xx_HAL_Driver/Src/stm32f1xx_hal_tim_ex.o
LOAD ./Drivers/STM32F1xx_HAL_Driver/Src/stm32f1xx_ll_usb.o
LOAD ./Middlewares/ST/STM32_USB_Device_Library/Class/CDC/Src/usbd_cdc.o
LOAD ./Middlewares/ST/STM32_USB_Device_Library/Core/Src/usbd_core.o
LOAD ./Middlewares/ST/STM32_USB_Device_Library/Core/Src/usbd_ctlreq.o
LOAD ./Middlewares/ST/STM32_USB_Device_Library/Core/Src/usbd_ioreq.o
LOAD ./USB_DEVICE/App/usb_device.o
LOAD ./USB_DEVICE/App/usbd_cdc_if.o
LOAD ./USB_DEVICE/App/usbd_desc.o
LOAD ./USB_DEVICE/Target/usbd_conf.o
START GROUP
LOAD C:/ST/STM32CubeIDE_1.14.0/STM32CubeIDE/plugins/com.st.stm32cube.ide.mcu.externaltools.gnu-tools-for-stm32.11.3.rel1.win32_1.1.100.202309141235/tools/bin/../lib/gcc/arm-none-eabi/11.3.1/../../../../arm-none-eabi/lib/thumb/v7-m/nofp\libc_nano.a
LOAD C:/ST/STM32CubeIDE_1.14.0/STM32CubeIDE/plugins/com.st.stm32cube.ide.mcu.externaltools.gnu-tools-for-stm32.11.3.rel1.win32_1.1.100.202309141235/tools/bin/../lib/gcc/arm-none-eabi/11.3.1/../../../../arm-none-eabi/lib/thumb/v7-m/nofp\libm.a
END GROUP
START GROUP
LOAD C:/ST/STM32CubeIDE_1.14.0/STM32CubeIDE/plugins/com.st.stm32cube.ide.mcu.externaltools.gnu-tools-for-stm32.11.3.rel1.win32_1.1.100.202309141235/tools/bin/../lib/gcc/arm-none-eabi/11.3.1/thumb/v7-m/nofp\libgcc.a
LOAD C:/ST/STM32CubeIDE_1.14.0/STM32CubeIDE/plugins/com.st.stm32cube.ide.mcu.externaltools.gnu-tools-for-stm32.11.3.rel1.win32_1.1.100.202309141235/tools/bin/../lib/gcc/arm-none-eabi/11.3.1/../../../../arm-none-eabi/lib/thumb/v7-m/nofp\libc_nano.a
END GROUP
START GROUP
LOAD C:/ST/STM32CubeIDE_1.14.0/STM32CubeIDE/plugins/com.st.stm32cube.ide.mcu.externaltools.gnu-tools-for-stm32.11.3.rel1.win32_1.1.100.202309141235/tools/bin/../lib/gcc/arm-none-eabi/11.3.1/thumb/v7-m/nofp\libgcc.a
LOAD C:/ST/STM32CubeIDE_1.14.0/STM32CubeIDE/plugins/com.st.stm32cube.ide.mcu.externaltools.gnu-tools-for-stm32.11.3.rel1.win32_1.1.100.202309141235/tools/bin/../lib/gcc/arm-none-eabi/11.3.1/../../../../arm-none-eabi/lib/thumb/v7-m/nofp\libc_nano.a
LOAD C:/ST/STM32CubeIDE_1.14.0/STM32CubeIDE/plugins/com.st.stm32cube.ide.mcu.externaltools.gnu-tools-for-stm32.11.3.rel1.win32_1.1.100.202309141235/tools/bin/../lib/gcc/arm-none-eabi/11.3.1/../../../../arm-none-eabi/lib/thumb/v7-m/nofp\libnosys.a
END GROUP
START GROUP
LOAD C:/ST/STM32CubeIDE_1.14.0/STM32CubeIDE/plugins/com.st.stm32cube.ide.mcu.externaltools.gnu-tools-for-stm32.11.3.rel1.win32_1.1.100.202309141235/tools/bin/../lib/gcc/arm-none-eabi/11.3.1/thumb/v7-m/nofp\libgcc.a
LOAD C:/ST/STM32CubeIDE_1.14.0/STM32CubeIDE/plugins/com.st.stm32cube.ide.mcu.externaltools.gnu-tools-for-stm32.11.3.rel1.win32_1.1.100.202309141235/tools/bin/../lib/gcc/arm-none-eabi/11.3.1/../../../../arm-none-eabi/lib/thumb/v7-m/nofp\libc_nano.a
LOAD C:/ST/STM32CubeIDE_1.14.0/STM32CubeIDE/plugins/com.st.stm32cube.ide.mcu.externaltools.gnu-tools-for-stm32.11.3.rel1.win32_1.1.100.202309141235/tools/bin/../lib/gcc/arm-none-eabi/11.3.1/../../../../arm-none-eabi/lib/thumb/v7-m/nofp\libnosys.a
END GROUP
LOAD C:/ST/STM32CubeIDE_1.14.0/STM32CubeIDE/plugins/com.st.stm32cube.ide.mcu.externaltools.gnu-tools-for-stm32.11.3.rel1.win32_1.1.100.202309141235/tools/bin/../lib/gcc/arm-none-eabi/11.3.1/thumb/v7-m/nofp/crtend.o
LOAD C:/ST/STM32CubeIDE_1.14.0/STM32CubeIDE/plugins/com.st.stm32cube.ide.mcu.externaltools.gnu-tools-for-stm32.11.3.rel1.win32_1.1.100.202309141235/tools/bin/../lib/gcc/arm-none-eabi/11.3.1/thumb/v7-m/nofp/crtn.o
                0x0000000020005000                _estack = (ORIGIN (RAM) + LENGTH (RAM))
                0x0000000000000200                _Min_Heap_Size = 0x200
                0x0000000000000400                _Min_Stack_Size = 0x400

.isr_vector     0x0000000008000000      0x10c
                0x0000000008000000                . = ALIGN (0x4)
 *(.isr_vector)
 .isr_vector    0x0000000008000000      0x10c ./Core/Startup/startup_stm32f103c8tx.o
                0x0000000008000000                g_pfnVectors
                0x000000000800010c                . = ALIGN (0x4)

.text           0x000000000800010c     0xad1c
                0x000000000800010c                . = ALIGN (0x4)
 *(.text)
 .text          0x000000000800010c       0x40 C:/ST/STM32CubeIDE_1.14.0/STM32CubeIDE/plugins/com.st.stm32cube.ide.mcu.externaltools.gnu-tools-for-stm32.11.3.rel1.win32_1.1.100.202309141235/tools/bin/../lib/gcc/arm-none-eabi/11.3.1/thumb/v7-m/nofp/crtbegin.o
 .text          0x000000000800014c       0x10 C:/ST/STM32CubeIDE_1.14.0/STM32CubeIDE/plugins/com.st.stm32cube.ide.mcu.externaltools.gnu-tools-for-stm32.11.3.rel1.win32_1.1.100.202309141235/tools/bin/../lib/gcc/arm-none-eabi/11.3.1/../../../../arm-none-eabi/lib/thumb/v7-m/nofp\libc_nano.a(libc_a-strlen.o)
                0x000000000800014c                strlen
 *(.text*)
 .text.USB_Print
                0x000000000800015c       0x48 ./Core/Src/comm_manager.o
                0x000000000800015c                USB_Print
 .text.BuscarValor
                0x00000000080001a4       0x38 ./Core/Src/comm_manager.o
                0x00000000080001a4                BuscarValor
 .text.CDC_FS_Substring
                0x00000000080001dc       0x56 ./Core/Src/comm_manager.o
                0x00000000080001dc                CDC_FS_Substring
 *fill*         0x0000000008000232        0x2 
 .text.MX_GPIO_Init
                0x0000000008000234      0x168 ./Core/Src/gpio.o
                0x0000000008000234                MX_GPIO_Init
 .text.Gripper_Init
                0x000000000800039c       0x14 ./Core/Src/gripper_driver.o
                0x000000000800039c                Gripper_Init
 .text.Gripper_SetAngle
                0x00000000080003b0       0x50 ./Core/Src/gripper_driver.o
                0x00000000080003b0                Gripper_SetAngle
 .text.Gripper_SetOpenAngle
                0x0000000008000400       0x28 ./Core/Src/gripper_driver.o
                0x0000000008000400                Gripper_SetOpenAngle
 .text.Gripper_Open
                0x0000000008000428       0x20 ./Core/Src/gripper_driver.o
                0x0000000008000428                Gripper_Open
 .text.Gripper_SetClosedAngle
                0x0000000008000448       0x28 ./Core/Src/gripper_driver.o
                0x0000000008000448                Gripper_SetClosedAngle
 .text.Gripper_Close
                0x0000000008000470       0x20 ./Core/Src/gripper_driver.o
                0x0000000008000470                Gripper_Close
 .text.MX_I2C1_Init
                0x0000000008000490       0x5c ./Core/Src/i2c.o
                0x0000000008000490                MX_I2C1_Init
 .text.HAL_I2C_MspInit
                0x00000000080004ec       0x7c ./Core/Src/i2c.o
                0x00000000080004ec                HAL_I2C_MspInit
 .text.Lcd_Send_Cmd
                0x0000000008000568       0x60 ./Core/Src/lcd_i2c.o
                0x0000000008000568                Lcd_Send_Cmd
 .text.Lcd_Send_Char
                0x00000000080005c8       0x60 ./Core/Src/lcd_i2c.o
                0x00000000080005c8                Lcd_Send_Char
 .text.Lcd_Init
                0x0000000008000628       0x2c ./Core/Src/lcd_i2c.o
                0x0000000008000628                Lcd_Init
 .text.Lcd_Clear
                0x0000000008000654       0x14 ./Core/Src/lcd_i2c.o
                0x0000000008000654                Lcd_Clear
 .text.Lcd_Set_Cursor
                0x0000000008000668       0x64 ./Core/Src/lcd_i2c.o
                0x0000000008000668                Lcd_Set_Cursor
 .text.Lcd_Send_String
                0x00000000080006cc       0x2a ./Core/Src/lcd_i2c.o
                0x00000000080006cc                Lcd_Send_String
 *fill*         0x00000000080006f6        0x2 
 .text.main     0x00000000080006f8      0x19c ./Core/Src/main.o
                0x00000000080006f8                main
 .text.SystemClock_Config
                0x0000000008000894       0xb4 ./Core/Src/main.o
                0x0000000008000894                SystemClock_Config
 .text.HAL_TIM_PeriodElapsedCallback
                0x0000000008000948       0x3c ./Core/Src/main.o
                0x0000000008000948                HAL_TIM_PeriodElapsedCallback
 .text.HAL_GPIO_EXTI_Callback
                0x0000000008000984       0x1a ./Core/Src/main.o
                0x0000000008000984                HAL_GPIO_EXTI_Callback
 *fill*         0x000000000800099e        0x2 
 .text.Actualizar_LCD
                0x00000000080009a0       0xac ./Core/Src/main.o
                0x00000000080009a0                Actualizar_LCD
 .text.Error_Handler
                0x0000000008000a4c        0xa ./Core/Src/main.o
                0x0000000008000a4c                Error_Handler
 *fill*         0x0000000008000a56        0x2 
 .text.ActivatedAll
                0x0000000008000a58       0x98 ./Core/Src/motor_driver.o
                0x0000000008000a58                ActivatedAll
 .text.moveMotors
                0x0000000008000af0       0xa8 ./Core/Src/motor_driver.o
                0x0000000008000af0                moveMotors
 .text.HomingMotors
                0x0000000008000b98      0x24c ./Core/Src/motor_driver.o
                0x0000000008000b98                HomingMotors
 .text.Motor_Timer_Callback
                0x0000000008000de4       0xc8 ./Core/Src/motor_driver.o
                0x0000000008000de4                Motor_Timer_Callback
 .text.Motor_Sensor_Triggered
                0x0000000008000eac       0x78 ./Core/Src/motor_driver.o
                0x0000000008000eac                Motor_Sensor_Triggered
 .text.Robot_Consignas
                0x0000000008000f24       0x54 ./Core/Src/robot_logic.o
                0x0000000008000f24                Robot_Consignas
 .text.Robot_ModoCalibracion
                0x0000000008000f78      0x1e0 ./Core/Src/robot_logic.o
                0x0000000008000f78                Robot_ModoCalibracion
 .text.Robot_ModoAprendizaje
                0x0000000008001158       0xb4 ./Core/Src/robot_logic.o
                0x0000000008001158                Robot_ModoAprendizaje
 .text.Robot_ModoEjecucion
                0x000000000800120c       0xf4 ./Core/Src/robot_logic.o
                0x000000000800120c                Robot_ModoEjecucion
 .text.Robot_ProcesarComando
                0x0000000008001300      0x114 ./Core/Src/robot_logic.o
                0x0000000008001300                Robot_ProcesarComando
 .text.HAL_MspInit
                0x0000000008001414       0x64 ./Core/Src/stm32f1xx_hal_msp.o
                0x0000000008001414                HAL_MspInit
 .text.NMI_Handler
                0x0000000008001478        0x6 ./Core/Src/stm32f1xx_it.o
                0x0000000008001478                NMI_Handler
 .text.HardFault_Handler
                0x000000000800147e        0x6 ./Core/Src/stm32f1xx_it.o
                0x000000000800147e                HardFault_Handler
 .text.MemManage_Handler
                0x0000000008001484        0x6 ./Core/Src/stm32f1xx_it.o
                0x0000000008001484                MemManage_Handler
 .text.BusFault_Handler
                0x000000000800148a        0x6 ./Core/Src/stm32f1xx_it.o
                0x000000000800148a                BusFault_Handler
 .text.UsageFault_Handler
                0x0000000008001490        0x6 ./Core/Src/stm32f1xx_it.o
                0x0000000008001490                UsageFault_Handler
 .text.SVC_Handler
                0x0000000008001496        0xc ./Core/Src/stm32f1xx_it.o
                0x0000000008001496                SVC_Handler
 .text.DebugMon_Handler
                0x00000000080014a2        0xc ./Core/Src/stm32f1xx_it.o
                0x00000000080014a2                DebugMon_Handler
 .text.PendSV_Handler
                0x00000000080014ae        0xc ./Core/Src/stm32f1xx_it.o
                0x00000000080014ae                PendSV_Handler
 .text.SysTick_Handler
                0x00000000080014ba        0xc ./Core/Src/stm32f1xx_it.o
                0x00000000080014ba                SysTick_Handler
 *fill*         0x00000000080014c6        0x2 
 .text.USB_LP_CAN1_RX0_IRQHandler
                0x00000000080014c8       0x14 ./Core/Src/stm32f1xx_it.o
                0x00000000080014c8                USB_LP_CAN1_RX0_IRQHandler
 .text.TIM2_IRQHandler
                0x00000000080014dc       0x14 ./Core/Src/stm32f1xx_it.o
                0x00000000080014dc                TIM2_IRQHandler
 .text.TIM3_IRQHandler
                0x00000000080014f0       0x14 ./Core/Src/stm32f1xx_it.o
                0x00000000080014f0                TIM3_IRQHandler
 .text.EXTI15_10_IRQHandler
                0x0000000008001504       0x28 ./Core/Src/stm32f1xx_it.o
                0x0000000008001504                EXTI15_10_IRQHandler
 .text._sbrk    0x000000000800152c       0x6c ./Core/Src/sysmem.o
                0x000000000800152c                _sbrk
 .text.SystemInit
                0x0000000008001598        0xc ./Core/Src/system_stm32f1xx.o
                0x0000000008001598                SystemInit
 .text.MX_TIM2_Init
                0x00000000080015a4       0x98 ./Core/Src/tim.o
                0x00000000080015a4                MX_TIM2_Init
 .text.MX_TIM3_Init
                0x000000000800163c       0x9c ./Core/Src/tim.o
                0x000000000800163c                MX_TIM3_Init
 .text.MX_TIM4_Init
                0x00000000080016d8       0xec ./Core/Src/tim.o
                0x00000000080016d8                MX_TIM4_Init
 .text.HAL_TIM_Base_MspInit
                0x00000000080017c4       0xa8 ./Core/Src/tim.o
                0x00000000080017c4                HAL_TIM_Base_MspInit
 .text.HAL_TIM_MspPostInit
                0x000000000800186c       0x68 ./Core/Src/tim.o
                0x000000000800186c                HAL_TIM_MspPostInit
 .text.Reset_Handler
                0x00000000080018d4       0x48 ./Core/Startup/startup_stm32f103c8tx.o
                0x00000000080018d4                Reset_Handler
 .text.Default_Handler
                0x000000000800191c        0x2 ./Core/Startup/startup_stm32f103c8tx.o
                0x000000000800191c                RTC_Alarm_IRQHandler
                0x000000000800191c                EXTI2_IRQHandler
                0x000000000800191c                TIM1_CC_IRQHandler
                0x000000000800191c                PVD_IRQHandler
                0x000000000800191c                EXTI3_IRQHandler
                0x000000000800191c                EXTI0_IRQHandler
                0x000000000800191c                I2C2_EV_IRQHandler
                0x000000000800191c                ADC1_2_IRQHandler
                0x000000000800191c                SPI1_IRQHandler
                0x000000000800191c                TAMPER_IRQHandler
                0x000000000800191c                DMA1_Channel4_IRQHandler
                0x000000000800191c                USART3_IRQHandler
                0x000000000800191c                RTC_IRQHandler
                0x000000000800191c                DMA1_Channel7_IRQHandler
                0x000000000800191c                CAN1_RX1_IRQHandler
                0x000000000800191c                TIM4_IRQHandler
                0x000000000800191c                I2C1_EV_IRQHandler
                0x000000000800191c                DMA1_Channel6_IRQHandler
                0x000000000800191c                RCC_IRQHandler
                0x000000000800191c                TIM1_TRG_COM_IRQHandler
                0x000000000800191c                DMA1_Channel1_IRQHandler
                0x000000000800191c                Default_Handler
                0x000000000800191c                EXTI9_5_IRQHandler
                0x000000000800191c                SPI2_IRQHandler
                0x000000000800191c                DMA1_Channel5_IRQHandler
                0x000000000800191c                EXTI4_IRQHandler
                0x000000000800191c                USB_HP_CAN1_TX_IRQHandler
                0x000000000800191c                DMA1_Channel3_IRQHandler
                0x000000000800191c                TIM1_UP_IRQHandler
                0x000000000800191c                WWDG_IRQHandler
                0x000000000800191c                TIM1_BRK_IRQHandler
                0x000000000800191c                EXTI1_IRQHandler
                0x000000000800191c                USART2_IRQHandler
                0x000000000800191c                I2C2_ER_IRQHandler
                0x000000000800191c                DMA1_Channel2_IRQHandler
                0x000000000800191c                CAN1_SCE_IRQHandler
                0x000000000800191c                FLASH_IRQHandler
                0x000000000800191c                USART1_IRQHandler
                0x000000000800191c                I2C1_ER_IRQHandler
                0x000000000800191c                USBWakeUp_IRQHandler
 *fill*         0x000000000800191e        0x2 
 .text.HAL_Init
                0x0000000008001920       0x2c ./Drivers/STM32F1xx_HAL_Driver/Src/stm32f1xx_hal.o
                0x0000000008001920                HAL_Init
 .text.HAL_InitTick
                0x000000000800194c       0x60 ./Drivers/STM32F1xx_HAL_Driver/Src/stm32f1xx_hal.o
                0x000000000800194c                HAL_InitTick
 .text.HAL_IncTick
                0x00000000080019ac       0x24 ./Drivers/STM32F1xx_HAL_Driver/Src/stm32f1xx_hal.o
                0x00000000080019ac                HAL_IncTick
 .text.HAL_GetTick
                0x00000000080019d0       0x14 ./Drivers/STM32F1xx_HAL_Driver/Src/stm32f1xx_hal.o
                0x00000000080019d0                HAL_GetTick
 .text.HAL_Delay
                0x00000000080019e4       0x48 ./Drivers/STM32F1xx_HAL_Driver/Src/stm32f1xx_hal.o
                0x00000000080019e4                HAL_Delay
 .text.__NVIC_SetPriorityGrouping
                0x0000000008001a2c       0x48 ./Drivers/STM32F1xx_HAL_Driver/Src/stm32f1xx_hal_cortex.o
 .text.__NVIC_GetPriorityGrouping
                0x0000000008001a74       0x1c ./Drivers/STM32F1xx_HAL_Driver/Src/stm32f1xx_hal_cortex.o
 .text.__NVIC_EnableIRQ
                0x0000000008001a90       0x38 ./Drivers/STM32F1xx_HAL_Driver/Src/stm32f1xx_hal_cortex.o
 .text.__NVIC_SetPriority
                0x0000000008001ac8       0x54 ./Drivers/STM32F1xx_HAL_Driver/Src/stm32f1xx_hal_cortex.o
 .text.NVIC_EncodePriority
                0x0000000008001b1c       0x64 ./Drivers/STM32F1xx_HAL_Driver/Src/stm32f1xx_hal_cortex.o
 .text.SysTick_Config
                0x0000000008001b80       0x44 ./Drivers/STM32F1xx_HAL_Driver/Src/stm32f1xx_hal_cortex.o
 .text.HAL_NVIC_SetPriorityGrouping
                0x0000000008001bc4       0x16 ./Drivers/STM32F1xx_HAL_Driver/Src/stm32f1xx_hal_cortex.o
                0x0000000008001bc4                HAL_NVIC_SetPriorityGrouping
 .text.HAL_NVIC_SetPriority
                0x0000000008001bda       0x38 ./Drivers/STM32F1xx_HAL_Driver/Src/stm32f1xx_hal_cortex.o
                0x0000000008001bda                HAL_NVIC_SetPriority
 .text.HAL_NVIC_EnableIRQ
                0x0000000008001c12       0x1c ./Drivers/STM32F1xx_HAL_Driver/Src/stm32f1xx_hal_cortex.o
                0x0000000008001c12                HAL_NVIC_EnableIRQ
 .text.HAL_SYSTICK_Config
                0x0000000008001c2e       0x18 ./Drivers/STM32F1xx_HAL_Driver/Src/stm32f1xx_hal_cortex.o
                0x0000000008001c2e                HAL_SYSTICK_Config
 *fill*         0x0000000008001c46        0x2 
 .text.HAL_GPIO_Init
                0x0000000008001c48      0x308 ./Drivers/STM32F1xx_HAL_Driver/Src/stm32f1xx_hal_gpio.o
                0x0000000008001c48                HAL_GPIO_Init
 .text.HAL_GPIO_WritePin
                0x0000000008001f50       0x30 ./Drivers/STM32F1xx_HAL_Driver/Src/stm32f1xx_hal_gpio.o
                0x0000000008001f50                HAL_GPIO_WritePin
 .text.HAL_GPIO_EXTI_IRQHandler
                0x0000000008001f80       0x30 ./Drivers/STM32F1xx_HAL_Driver/Src/stm32f1xx_hal_gpio.o
                0x0000000008001f80                HAL_GPIO_EXTI_IRQHandler
 .text.HAL_I2C_Init
                0x0000000008001fb0      0x288 ./Drivers/STM32F1xx_HAL_Driver/Src/stm32f1xx_hal_i2c.o
                0x0000000008001fb0                HAL_I2C_Init
 .text.HAL_I2C_Master_Transmit
                0x0000000008002238      0x1fc ./Drivers/STM32F1xx_HAL_Driver/Src/stm32f1xx_hal_i2c.o
                0x0000000008002238                HAL_I2C_Master_Transmit
 .text.I2C_MasterRequestWrite
                0x0000000008002434      0x104 ./Drivers/STM32F1xx_HAL_Driver/Src/stm32f1xx_hal_i2c.o
 .text.I2C_WaitOnFlagUntilTimeout
                0x0000000008002538       0xf4 ./Drivers/STM32F1xx_HAL_Driver/Src/stm32f1xx_hal_i2c.o
 .text.I2C_WaitOnMasterAddressFlagUntilTimeout
                0x000000000800262c      0x140 ./Drivers/STM32F1xx_HAL_Driver/Src/stm32f1xx_hal_i2c.o
 .text.I2C_WaitOnTXEFlagUntilTimeout
                0x000000000800276c       0x90 ./Drivers/STM32F1xx_HAL_Driver/Src/stm32f1xx_hal_i2c.o
 .text.I2C_WaitOnBTFFlagUntilTimeout
                0x00000000080027fc       0x90 ./Drivers/STM32F1xx_HAL_Driver/Src/stm32f1xx_hal_i2c.o
 .text.I2C_IsAcknowledgeFailed
                0x000000000800288c       0x5c ./Drivers/STM32F1xx_HAL_Driver/Src/stm32f1xx_hal_i2c.o
 .text.HAL_PCD_Init
                0x00000000080028e8      0x1fe ./Drivers/STM32F1xx_HAL_Driver/Src/stm32f1xx_hal_pcd.o
                0x00000000080028e8                HAL_PCD_Init
 .text.HAL_PCD_Start
                0x0000000008002ae6       0x4c ./Drivers/STM32F1xx_HAL_Driver/Src/stm32f1xx_hal_pcd.o
                0x0000000008002ae6                HAL_PCD_Start
 .text.HAL_PCD_IRQHandler
                0x0000000008002b32      0x260 ./Drivers/STM32F1xx_HAL_Driver/Src/stm32f1xx_hal_pcd.o
                0x0000000008002b32                HAL_PCD_IRQHandler
 .text.HAL_PCD_SetAddress
                0x0000000008002d92       0x4a ./Drivers/STM32F1xx_HAL_Driver/Src/stm32f1xx_hal_pcd.o
                0x0000000008002d92                HAL_PCD_SetAddress
 .text.HAL_PCD_EP_Open
                0x0000000008002ddc       0xba ./Drivers/STM32F1xx_HAL_Driver/Src/stm32f1xx_hal_pcd.o
                0x0000000008002ddc                HAL_PCD_EP_Open
 .text.HAL_PCD_EP_Close
                0x0000000008002e96       0x90 ./Drivers/STM32F1xx_HAL_Driver/Src/stm32f1xx_hal_pcd.o
                0x0000000008002e96                HAL_PCD_EP_Close
 .text.HAL_PCD_EP_Receive
                0x0000000008002f26       0x62 ./Drivers/STM32F1xx_HAL_Driver/Src/stm32f1xx_hal_pcd.o
                0x0000000008002f26                HAL_PCD_EP_Receive
 .text.HAL_PCD_EP_GetRxCount
                0x0000000008002f88       0x2e ./Drivers/STM32F1xx_HAL_Driver/Src/stm32f1xx_hal_pcd.o
                0x0000000008002f88                HAL_PCD_EP_GetRxCount
 .text.HAL_PCD_EP_Transmit
                0x0000000008002fb6       0x6e ./Drivers/STM32F1xx_HAL_Driver/Src/stm32f1xx_hal_pcd.o
                0x0000000008002fb6                HAL_PCD_EP_Transmit
 .text.HAL_PCD_EP_SetStall
                0x0000000008003024       0xc0 ./Drivers/STM32F1xx_HAL_Driver/Src/stm32f1xx_hal_pcd.o
                0x0000000008003024                HAL_PCD_EP_SetStall
 .text.HAL_PCD_EP_ClrStall
                0x00000000080030e4       0xa8 ./Drivers/STM32F1xx_HAL_Driver/Src/stm32f1xx_hal_pcd.o
                0x00000000080030e4                HAL_PCD_EP_ClrStall
 .text.PCD_EP_ISR_Handler
                0x000000000800318c      0x7a6 ./Drivers/STM32F1xx_HAL_Driver/Src/stm32f1xx_hal_pcd.o
 .text.HAL_PCD_EP_DB_Receive
                0x0000000008003932      0x21a ./Drivers/STM32F1xx_HAL_Driver/Src/stm32f1xx_hal_pcd.o
 .text.HAL_PCD_EP_DB_Transmit
                0x0000000008003b4c      0x7f4 ./Drivers/STM32F1xx_HAL_Driver/Src/stm32f1xx_hal_pcd.o
 .text.HAL_PCDEx_PMAConfig
                0x0000000008004340       0x84 ./Drivers/STM32F1xx_HAL_Driver/Src/stm32f1xx_hal_pcd_ex.o
                0x0000000008004340                HAL_PCDEx_PMAConfig
 .text.HAL_RCC_OscConfig
                0x00000000080043c4      0x504 ./Drivers/STM32F1xx_HAL_Driver/Src/stm32f1xx_hal_rcc.o
                0x00000000080043c4                HAL_RCC_OscConfig
 .text.HAL_RCC_ClockConfig
                0x00000000080048c8      0x1d4 ./Drivers/STM32F1xx_HAL_Driver/Src/stm32f1xx_hal_rcc.o
                0x00000000080048c8                HAL_RCC_ClockConfig
 .text.HAL_RCC_GetSysClockFreq
                0x0000000008004a9c       0xa8 ./Drivers/STM32F1xx_HAL_Driver/Src/stm32f1xx_hal_rcc.o
                0x0000000008004a9c                HAL_RCC_GetSysClockFreq
 .text.HAL_RCC_GetHCLKFreq
                0x0000000008004b44       0x14 ./Drivers/STM32F1xx_HAL_Driver/Src/stm32f1xx_hal_rcc.o
                0x0000000008004b44                HAL_RCC_GetHCLKFreq
 .text.HAL_RCC_GetPCLK1Freq
                0x0000000008004b58       0x28 ./Drivers/STM32F1xx_HAL_Driver/Src/stm32f1xx_hal_rcc.o
                0x0000000008004b58                HAL_RCC_GetPCLK1Freq
 .text.RCC_Delay
                0x0000000008004b80       0x3c ./Drivers/STM32F1xx_HAL_Driver/Src/stm32f1xx_hal_rcc.o
 .text.HAL_RCCEx_PeriphCLKConfig
                0x0000000008004bbc      0x16c ./Drivers/STM32F1xx_HAL_Driver/Src/stm32f1xx_hal_rcc_ex.o
                0x0000000008004bbc                HAL_RCCEx_PeriphCLKConfig
 .text.HAL_TIM_Base_Init
                0x0000000008004d28       0x9e ./Drivers/STM32F1xx_HAL_Driver/Src/stm32f1xx_hal_tim.o
                0x0000000008004d28                HAL_TIM_Base_Init
 *fill*         0x0000000008004dc6        0x2 
 .text.HAL_TIM_Base_Start_IT
                0x0000000008004dc8       0xa4 ./Drivers/STM32F1xx_HAL_Driver/Src/stm32f1xx_hal_tim.o
                0x0000000008004dc8                HAL_TIM_Base_Start_IT
 .text.HAL_TIM_PWM_Init
                0x0000000008004e6c       0x9e ./Drivers/STM32F1xx_HAL_Driver/Src/stm32f1xx_hal_tim.o
                0x0000000008004e6c                HAL_TIM_PWM_Init
 .text.HAL_TIM_PWM_MspInit
                0x0000000008004f0a       0x12 ./Drivers/STM32F1xx_HAL_Driver/Src/stm32f1xx_hal_tim.o
                0x0000000008004f0a                HAL_TIM_PWM_MspInit
 .text.HAL_TIM_PWM_Start
                0x0000000008004f1c      0x144 ./Drivers/STM32F1xx_HAL_Driver/Src/stm32f1xx_hal_tim.o
                0x0000000008004f1c                HAL_TIM_PWM_Start
 .text.HAL_TIM_IRQHandler
                0x0000000008005060      0x210 ./Drivers/STM32F1xx_HAL_Driver/Src/stm32f1xx_hal_tim.o
                0x0000000008005060                HAL_TIM_IRQHandler
 .text.HAL_TIM_PWM_ConfigChannel
                0x0000000008005270      0x184 ./Drivers/STM32F1xx_HAL_Driver/Src/stm32f1xx_hal_tim.o
                0x0000000008005270                HAL_TIM_PWM_ConfigChannel
 .text.HAL_TIM_ConfigClockSource
                0x00000000080053f4      0x18e ./Drivers/STM32F1xx_HAL_Driver/Src/stm32f1xx_hal_tim.o
                0x00000000080053f4                HAL_TIM_ConfigClockSource
 .text.HAL_TIM_OC_DelayElapsedCallback
                0x0000000008005582       0x12 ./Drivers/STM32F1xx_HAL_Driver/Src/stm32f1xx_hal_tim.o
                0x0000000008005582                HAL_TIM_OC_DelayElapsedCallback
 .text.HAL_TIM_IC_CaptureCallback
                0x0000000008005594       0x12 ./Drivers/STM32F1xx_HAL_Driver/Src/stm32f1xx_hal_tim.o
                0x0000000008005594                HAL_TIM_IC_CaptureCallback
 .text.HAL_TIM_PWM_PulseFinishedCallback
                0x00000000080055a6       0x12 ./Drivers/STM32F1xx_HAL_Driver/Src/stm32f1xx_hal_tim.o
                0x00000000080055a6                HAL_TIM_PWM_PulseFinishedCallback
 .text.HAL_TIM_TriggerCallback
                0x00000000080055b8       0x12 ./Drivers/STM32F1xx_HAL_Driver/Src/stm32f1xx_hal_tim.o
                0x00000000080055b8                HAL_TIM_TriggerCallback
 *fill*         0x00000000080055ca        0x2 
 .text.TIM_Base_SetConfig
                0x00000000080055cc       0xc4 ./Drivers/STM32F1xx_HAL_Driver/Src/stm32f1xx_hal_tim.o
                0x00000000080055cc                TIM_Base_SetConfig
 .text.TIM_OC1_SetConfig
                0x0000000008005690       0xcc ./Drivers/STM32F1xx_HAL_Driver/Src/stm32f1xx_hal_tim.o
 .text.TIM_OC2_SetConfig
                0x000000000800575c       0xd4 ./Drivers/STM32F1xx_HAL_Driver/Src/stm32f1xx_hal_tim.o
                0x000000000800575c                TIM_OC2_SetConfig
 .text.TIM_OC3_SetConfig
                0x0000000008005830       0xd4 ./Drivers/STM32F1xx_HAL_Driver/Src/stm32f1xx_hal_tim.o
 .text.TIM_OC4_SetConfig
                0x0000000008005904       0x9c ./Drivers/STM32F1xx_HAL_Driver/Src/stm32f1xx_hal_tim.o
 .text.TIM_TI1_ConfigInputStage
                0x00000000080059a0       0x5c ./Drivers/STM32F1xx_HAL_Driver/Src/stm32f1xx_hal_tim.o
 .text.TIM_TI2_ConfigInputStage
                0x00000000080059fc       0x5e ./Drivers/STM32F1xx_HAL_Driver/Src/stm32f1xx_hal_tim.o
 .text.TIM_ITRx_SetConfig
                0x0000000008005a5a       0x34 ./Drivers/STM32F1xx_HAL_Driver/Src/stm32f1xx_hal_tim.o
 .text.TIM_ETR_SetConfig
                0x0000000008005a8e       0x3e ./Drivers/STM32F1xx_HAL_Driver/Src/stm32f1xx_hal_tim.o
                0x0000000008005a8e                TIM_ETR_SetConfig
 .text.TIM_CCxChannelCmd
                0x0000000008005acc       0x48 ./Drivers/STM32F1xx_HAL_Driver/Src/stm32f1xx_hal_tim.o
                0x0000000008005acc                TIM_CCxChannelCmd
 .text.HAL_TIMEx_MasterConfigSynchronization
                0x0000000008005b14       0xbc ./Drivers/STM32F1xx_HAL_Driver/Src/stm32f1xx_hal_tim_ex.o
                0x0000000008005b14                HAL_TIMEx_MasterConfigSynchronization
 .text.HAL_TIMEx_CommutCallback
                0x0000000008005bd0       0x12 ./Drivers/STM32F1xx_HAL_Driver/Src/stm32f1xx_hal_tim_ex.o
                0x0000000008005bd0                HAL_TIMEx_CommutCallback
 .text.HAL_TIMEx_BreakCallback
                0x0000000008005be2       0x12 ./Drivers/STM32F1xx_HAL_Driver/Src/stm32f1xx_hal_tim_ex.o
                0x0000000008005be2                HAL_TIMEx_BreakCallback
 .text.USB_CoreInit
                0x0000000008005bf4       0x20 ./Drivers/STM32F1xx_HAL_Driver/Src/stm32f1xx_ll_usb.o
                0x0000000008005bf4                USB_CoreInit
 .text.USB_EnableGlobalInt
                0x0000000008005c14       0x2c ./Drivers/STM32F1xx_HAL_Driver/Src/stm32f1xx_ll_usb.o
                0x0000000008005c14                USB_EnableGlobalInt
 .text.USB_DisableGlobalInt
                0x0000000008005c40       0x34 ./Drivers/STM32F1xx_HAL_Driver/Src/stm32f1xx_ll_usb.o
                0x0000000008005c40                USB_DisableGlobalInt
 .text.USB_SetCurrentMode
                0x0000000008005c74       0x18 ./Drivers/STM32F1xx_HAL_Driver/Src/stm32f1xx_ll_usb.o
                0x0000000008005c74                USB_SetCurrentMode
 .text.USB_DevInit
                0x0000000008005c8c       0x40 ./Drivers/STM32F1xx_HAL_Driver/Src/stm32f1xx_ll_usb.o
                0x0000000008005c8c                USB_DevInit
 .text.USB_ActivateEndpoint
                0x0000000008005ccc      0x780 ./Drivers/STM32F1xx_HAL_Driver/Src/stm32f1xx_ll_usb.o
                0x0000000008005ccc                USB_ActivateEndpoint
 .text.USB_DeactivateEndpoint
                0x000000000800644c      0x3d8 ./Drivers/STM32F1xx_HAL_Driver/Src/stm32f1xx_ll_usb.o
                0x000000000800644c                USB_DeactivateEndpoint
 .text.USB_EPStartXfer
                0x0000000008006824     0x1762 ./Drivers/STM32F1xx_HAL_Driver/Src/stm32f1xx_ll_usb.o
                0x0000000008006824                USB_EPStartXfer
 .text.USB_EPSetStall
                0x0000000008007f86       0xa0 ./Drivers/STM32F1xx_HAL_Driver/Src/stm32f1xx_ll_usb.o
                0x0000000008007f86                USB_EPSetStall
 .text.USB_EPClearStall
                0x0000000008008026      0x15a ./Drivers/STM32F1xx_HAL_Driver/Src/stm32f1xx_ll_usb.o
                0x0000000008008026                USB_EPClearStall
 .text.USB_SetDevAddress
                0x0000000008008180       0x26 ./Drivers/STM32F1xx_HAL_Driver/Src/stm32f1xx_ll_usb.o
                0x0000000008008180                USB_SetDevAddress
 .text.USB_DevConnect
                0x00000000080081a6       0x14 ./Drivers/STM32F1xx_HAL_Driver/Src/stm32f1xx_ll_usb.o
                0x00000000080081a6                USB_DevConnect
 .text.USB_DevDisconnect
                0x00000000080081ba       0x14 ./Drivers/STM32F1xx_HAL_Driver/Src/stm32f1xx_ll_usb.o
                0x00000000080081ba                USB_DevDisconnect
 .text.USB_ReadInterrupts
                0x00000000080081ce       0x1e ./Drivers/STM32F1xx_HAL_Driver/Src/stm32f1xx_ll_usb.o
                0x00000000080081ce                USB_ReadInterrupts
 .text.USB_EP0_OutStart
                0x00000000080081ec       0x16 ./Drivers/STM32F1xx_HAL_Driver/Src/stm32f1xx_ll_usb.o
                0x00000000080081ec                USB_EP0_OutStart
 .text.USB_WritePMA
                0x0000000008008202       0x8a ./Drivers/STM32F1xx_HAL_Driver/Src/stm32f1xx_ll_usb.o
                0x0000000008008202                USB_WritePMA
 .text.USB_ReadPMA
                0x000000000800828c       0x9e ./Drivers/STM32F1xx_HAL_Driver/Src/stm32f1xx_ll_usb.o
                0x000000000800828c                USB_ReadPMA
 .text.USBD_CDC_Init
                0x000000000800832a       0xf4 ./Middlewares/ST/STM32_USB_Device_Library/Class/CDC/Src/usbd_cdc.o
 .text.USBD_CDC_DeInit
                0x000000000800841e       0x6e ./Middlewares/ST/STM32_USB_Device_Library/Class/CDC/Src/usbd_cdc.o
 .text.USBD_CDC_Setup
                0x000000000800848c      0x146 ./Middlewares/ST/STM32_USB_Device_Library/Class/CDC/Src/usbd_cdc.o
 .text.USBD_CDC_DataIn
                0x00000000080085d2       0xa6 ./Middlewares/ST/STM32_USB_Device_Library/Class/CDC/Src/usbd_cdc.o
 .text.USBD_CDC_DataOut
                0x0000000008008678       0x56 ./Middlewares/ST/STM32_USB_Device_Library/Class/CDC/Src/usbd_cdc.o
 .text.USBD_CDC_EP0_RxReady
                0x00000000080086ce       0x50 ./Middlewares/ST/STM32_USB_Device_Library/Class/CDC/Src/usbd_cdc.o
 *fill*         0x000000000800871e        0x2 
 .text.USBD_CDC_GetFSCfgDesc
                0x0000000008008720       0x20 ./Middlewares/ST/STM32_USB_Device_Library/Class/CDC/Src/usbd_cdc.o
 .text.USBD_CDC_GetHSCfgDesc
                0x0000000008008740       0x20 ./Middlewares/ST/STM32_USB_Device_Library/Class/CDC/Src/usbd_cdc.o
 .text.USBD_CDC_GetOtherSpeedCfgDesc
                0x0000000008008760       0x20 ./Middlewares/ST/STM32_USB_Device_Library/Class/CDC/Src/usbd_cdc.o
 .text.USBD_CDC_GetDeviceQualifierDescriptor
                0x0000000008008780       0x20 ./Middlewares/ST/STM32_USB_Device_Library/Class/CDC/Src/usbd_cdc.o
                0x0000000008008780                USBD_CDC_GetDeviceQualifierDescriptor
 .text.USBD_CDC_RegisterInterface
                0x00000000080087a0       0x2c ./Middlewares/ST/STM32_USB_Device_Library/Class/CDC/Src/usbd_cdc.o
                0x00000000080087a0                USBD_CDC_RegisterInterface
 .text.USBD_CDC_SetTxBuffer
                0x00000000080087cc       0x32 ./Middlewares/ST/STM32_USB_Device_Library/Class/CDC/Src/usbd_cdc.o
                0x00000000080087cc                USBD_CDC_SetTxBuffer
 .text.USBD_CDC_SetRxBuffer
                0x00000000080087fe       0x26 ./Middlewares/ST/STM32_USB_Device_Library/Class/CDC/Src/usbd_cdc.o
                0x00000000080087fe                USBD_CDC_SetRxBuffer
 .text.USBD_CDC_TransmitPacket
                0x0000000008008824       0x5e ./Middlewares/ST/STM32_USB_Device_Library/Class/CDC/Src/usbd_cdc.o
                0x0000000008008824                USBD_CDC_TransmitPacket
 .text.USBD_CDC_ReceivePacket
                0x0000000008008882       0x54 ./Middlewares/ST/STM32_USB_Device_Library/Class/CDC/Src/usbd_cdc.o
                0x0000000008008882                USBD_CDC_ReceivePacket
 .text.USBD_Init
                0x00000000080088d6       0x56 ./Middlewares/ST/STM32_USB_Device_Library/Core/Src/usbd_core.o
                0x00000000080088d6                USBD_Init
 .text.USBD_RegisterClass
                0x000000000800892c       0x32 ./Middlewares/ST/STM32_USB_Device_Library/Core/Src/usbd_core.o
                0x000000000800892c                USBD_RegisterClass
 .text.USBD_Start
                0x000000000800895e       0x18 ./Middlewares/ST/STM32_USB_Device_Library/Core/Src/usbd_core.o
                0x000000000800895e                USBD_Start
 .text.USBD_RunTestMode
                0x0000000008008976       0x14 ./Middlewares/ST/STM32_USB_Device_Library/Core/Src/usbd_core.o
                0x0000000008008976                USBD_RunTestMode
 .text.USBD_SetClassConfig
                0x000000000800898a       0x3e ./Middlewares/ST/STM32_USB_Device_Library/Core/Src/usbd_core.o
                0x000000000800898a                USBD_SetClassConfig
 .text.USBD_ClrClassConfig
                0x00000000080089c8       0x26 ./Middlewares/ST/STM32_USB_Device_Library/Core/Src/usbd_core.o
                0x00000000080089c8                USBD_ClrClassConfig
 .text.USBD_LL_SetupStage
                0x00000000080089ee       0x9a ./Middlewares/ST/STM32_USB_Device_Library/Core/Src/usbd_core.o
                0x00000000080089ee                USBD_LL_SetupStage
 .text.USBD_LL_DataOutStage
                0x0000000008008a88       0xe2 ./Middlewares/ST/STM32_USB_Device_Library/Core/Src/usbd_core.o
                0x0000000008008a88                USBD_LL_DataOutStage
 .text.USBD_LL_DataInStage
                0x0000000008008b6a      0x14a ./Middlewares/ST/STM32_USB_Device_Library/Core/Src/usbd_core.o
                0x0000000008008b6a                USBD_LL_DataInStage
 .text.USBD_LL_Reset
                0x0000000008008cb4       0x82 ./Middlewares/ST/STM32_USB_Device_Library/Core/Src/usbd_core.o
                0x0000000008008cb4                USBD_LL_Reset
 .text.USBD_LL_SetSpeed
                0x0000000008008d36       0x1e ./Middlewares/ST/STM32_USB_Device_Library/Core/Src/usbd_core.o
                0x0000000008008d36                USBD_LL_SetSpeed
 .text.USBD_LL_Suspend
                0x0000000008008d54       0x28 ./Middlewares/ST/STM32_USB_Device_Library/Core/Src/usbd_core.o
                0x0000000008008d54                USBD_LL_Suspend
 .text.USBD_LL_Resume
                0x0000000008008d7c       0x2a ./Middlewares/ST/STM32_USB_Device_Library/Core/Src/usbd_core.o
                0x0000000008008d7c                USBD_LL_Resume
 .text.USBD_LL_SOF
                0x0000000008008da6       0x34 ./Middlewares/ST/STM32_USB_Device_Library/Core/Src/usbd_core.o
                0x0000000008008da6                USBD_LL_SOF
 *fill*         0x0000000008008dda        0x2 
 .text.USBD_StdDevReq
                0x0000000008008ddc       0xd4 ./Middlewares/ST/STM32_USB_Device_Library/Core/Src/usbd_ctlreq.o
                0x0000000008008ddc                USBD_StdDevReq
 .text.USBD_StdItfReq
                0x0000000008008eb0       0x90 ./Middlewares/ST/STM32_USB_Device_Library/Core/Src/usbd_ctlreq.o
                0x0000000008008eb0                USBD_StdItfReq
 .text.USBD_StdEPReq
                0x0000000008008f40      0x2c6 ./Middlewares/ST/STM32_USB_Device_Library/Core/Src/usbd_ctlreq.o
                0x0000000008008f40                USBD_StdEPReq
 *fill*         0x0000000008009206        0x2 
 .text.USBD_GetDescriptor
                0x0000000008009208      0x2d0 ./Middlewares/ST/STM32_USB_Device_Library/Core/Src/usbd_ctlreq.o
 .text.USBD_SetAddress
                0x00000000080094d8       0x86 ./Middlewares/ST/STM32_USB_Device_Library/Core/Src/usbd_ctlreq.o
 *fill*         0x000000000800955e        0x2 
 .text.USBD_SetConfig
                0x0000000008009560      0x11c ./Middlewares/ST/STM32_USB_Device_Library/Core/Src/usbd_ctlreq.o
 .text.USBD_GetConfig
                0x000000000800967c       0x6a ./Middlewares/ST/STM32_USB_Device_Library/Core/Src/usbd_ctlreq.o
 .text.USBD_GetStatus
                0x00000000080096e6       0x66 ./Middlewares/ST/STM32_USB_Device_Library/Core/Src/usbd_ctlreq.o
 .text.USBD_SetFeature
                0x000000000800974c       0x28 ./Middlewares/ST/STM32_USB_Device_Library/Core/Src/usbd_ctlreq.o
 .text.USBD_ClrFeature
                0x0000000008009774       0x42 ./Middlewares/ST/STM32_USB_Device_Library/Core/Src/usbd_ctlreq.o
 .text.USBD_ParseSetupRequest
                0x00000000080097b6       0x78 ./Middlewares/ST/STM32_USB_Device_Library/Core/Src/usbd_ctlreq.o
                0x00000000080097b6                USBD_ParseSetupRequest
 .text.USBD_CtlError
                0x000000000800982e       0x22 ./Middlewares/ST/STM32_USB_Device_Library/Core/Src/usbd_ctlreq.o
                0x000000000800982e                USBD_CtlError
 .text.USBD_GetString
                0x0000000008009850       0x84 ./Middlewares/ST/STM32_USB_Device_Library/Core/Src/usbd_ctlreq.o
                0x0000000008009850                USBD_GetString
 .text.USBD_GetLen
                0x00000000080098d4       0x2e ./Middlewares/ST/STM32_USB_Device_Library/Core/Src/usbd_ctlreq.o
 .text.USBD_CtlSendData
                0x0000000008009902       0x38 ./Middlewares/ST/STM32_USB_Device_Library/Core/Src/usbd_ioreq.o
                0x0000000008009902                USBD_CtlSendData
 .text.USBD_CtlContinueSendData
                0x000000000800993a       0x24 ./Middlewares/ST/STM32_USB_Device_Library/Core/Src/usbd_ioreq.o
                0x000000000800993a                USBD_CtlContinueSendData
 .text.USBD_CtlPrepareRx
                0x000000000800995e       0x3c ./Middlewares/ST/STM32_USB_Device_Library/Core/Src/usbd_ioreq.o
                0x000000000800995e                USBD_CtlPrepareRx
 .text.USBD_CtlContinueRx
                0x000000000800999a       0x24 ./Middlewares/ST/STM32_USB_Device_Library/Core/Src/usbd_ioreq.o
                0x000000000800999a                USBD_CtlContinueRx
 .text.USBD_CtlSendStatus
                0x00000000080099be       0x26 ./Middlewares/ST/STM32_USB_Device_Library/Core/Src/usbd_ioreq.o
                0x00000000080099be                USBD_CtlSendStatus
 .text.USBD_CtlReceiveStatus
                0x00000000080099e4       0x26 ./Middlewares/ST/STM32_USB_Device_Library/Core/Src/usbd_ioreq.o
                0x00000000080099e4                USBD_CtlReceiveStatus
 *fill*         0x0000000008009a0a        0x2 
 .text.MX_USB_DEVICE_Init
                0x0000000008009a0c       0x60 ./USB_DEVICE/App/usb_device.o
                0x0000000008009a0c                MX_USB_DEVICE_Init
 .text.CDC_Init_FS
                0x0000000008009a6c       0x28 ./USB_DEVICE/App/usbd_cdc_if.o
 .text.CDC_DeInit_FS
                0x0000000008009a94        0xe ./USB_DEVICE/App/usbd_cdc_if.o
 *fill*         0x0000000008009aa2        0x2 
 .text.CDC_Control_FS
                0x0000000008009aa4       0xbc ./USB_DEVICE/App/usbd_cdc_if.o
 .text.CDC_Receive_FS
                0x0000000008009b60       0x5c ./USB_DEVICE/App/usbd_cdc_if.o
 .text.CDC_Transmit_FS
                0x0000000008009bbc       0x4c ./USB_DEVICE/App/usbd_cdc_if.o
                0x0000000008009bbc                CDC_Transmit_FS
 .text.USBD_FS_DeviceDescriptor
                0x0000000008009c08       0x24 ./USB_DEVICE/App/usbd_desc.o
                0x0000000008009c08                USBD_FS_DeviceDescriptor
 .text.USBD_FS_LangIDStrDescriptor
                0x0000000008009c2c       0x24 ./USB_DEVICE/App/usbd_desc.o
                0x0000000008009c2c                USBD_FS_LangIDStrDescriptor
 .text.USBD_FS_ProductStrDescriptor
                0x0000000008009c50       0x3c ./USB_DEVICE/App/usbd_desc.o
                0x0000000008009c50                USBD_FS_ProductStrDescriptor
 .text.USBD_FS_ManufacturerStrDescriptor
                0x0000000008009c8c       0x28 ./USB_DEVICE/App/usbd_desc.o
                0x0000000008009c8c                USBD_FS_ManufacturerStrDescriptor
 .text.USBD_FS_SerialStrDescriptor
                0x0000000008009cb4       0x24 ./USB_DEVICE/App/usbd_desc.o
                0x0000000008009cb4                USBD_FS_SerialStrDescriptor
 .text.USBD_FS_ConfigStrDescriptor
                0x0000000008009cd8       0x3c ./USB_DEVICE/App/usbd_desc.o
                0x0000000008009cd8                USBD_FS_ConfigStrDescriptor
 .text.USBD_FS_InterfaceStrDescriptor
                0x0000000008009d14       0x3c ./USB_DEVICE/App/usbd_desc.o
                0x0000000008009d14                USBD_FS_InterfaceStrDescriptor
 .text.Get_SerialNum
                0x0000000008009d50       0x58 ./USB_DEVICE/App/usbd_desc.o
 .text.IntToUnicode
                0x0000000008009da8       0x7c ./USB_DEVICE/App/usbd_desc.o
 .text.HAL_PCD_MspInit
                0x0000000008009e24       0x4c ./USB_DEVICE/Target/usbd_conf.o
                0x0000000008009e24                HAL_PCD_MspInit
 .text.HAL_PCD_SetupStageCallback
                0x0000000008009e70       0x24 ./USB_DEVICE/Target/usbd_conf.o
                0x0000000008009e70                HAL_PCD_SetupStageCallback
 .text.HAL_PCD_DataOutStageCallback
                0x0000000008009e94       0x36 ./USB_DEVICE/Target/usbd_conf.o
                0x0000000008009e94                HAL_PCD_DataOutStageCallback
 .text.HAL_PCD_DataInStageCallback
                0x0000000008009eca       0x34 ./USB_DEVICE/Target/usbd_conf.o
                0x0000000008009eca                HAL_PCD_DataInStageCallback
 .text.HAL_PCD_SOFCallback
                0x0000000008009efe       0x1c ./USB_DEVICE/Target/usbd_conf.o
                0x0000000008009efe                HAL_PCD_SOFCallback
 .text.HAL_PCD_ResetCallback
                0x0000000008009f1a       0x3c ./USB_DEVICE/Target/usbd_conf.o
                0x0000000008009f1a                HAL_PCD_ResetCallback
 *fill*         0x0000000008009f56        0x2 
 .text.HAL_PCD_SuspendCallback
                0x0000000008009f58       0x34 ./USB_DEVICE/Target/usbd_conf.o
                0x0000000008009f58                HAL_PCD_SuspendCallback
 .text.HAL_PCD_ResumeCallback
                0x0000000008009f8c       0x1c ./USB_DEVICE/Target/usbd_conf.o
                0x0000000008009f8c                HAL_PCD_ResumeCallback
 .text.USBD_LL_Init
                0x0000000008009fa8       0xb4 ./USB_DEVICE/Target/usbd_conf.o
                0x0000000008009fa8                USBD_LL_Init
 .text.USBD_LL_Start
                0x000000000800a05c       0x36 ./USB_DEVICE/Target/usbd_conf.o
                0x000000000800a05c                USBD_LL_Start
 .text.USBD_LL_OpenEP
                0x000000000800a092       0x4c ./USB_DEVICE/Target/usbd_conf.o
                0x000000000800a092                USBD_LL_OpenEP
 .text.USBD_LL_CloseEP
                0x000000000800a0de       0x3e ./USB_DEVICE/Target/usbd_conf.o
                0x000000000800a0de                USBD_LL_CloseEP
 .text.USBD_LL_StallEP
                0x000000000800a11c       0x3e ./USB_DEVICE/Target/usbd_conf.o
                0x000000000800a11c                USBD_LL_StallEP
 .text.USBD_LL_ClearStallEP
                0x000000000800a15a       0x3e ./USB_DEVICE/Target/usbd_conf.o
                0x000000000800a15a                USBD_LL_ClearStallEP
 .text.USBD_LL_IsStallEP
                0x000000000800a198       0x58 ./USB_DEVICE/Target/usbd_conf.o
                0x000000000800a198                USBD_LL_IsStallEP
 .text.USBD_LL_SetUSBAddress
                0x000000000800a1f0       0x3e ./USB_DEVICE/Target/usbd_conf.o
                0x000000000800a1f0                USBD_LL_SetUSBAddress
 .text.USBD_LL_Transmit
                0x000000000800a22e       0x46 ./USB_DEVICE/Target/usbd_conf.o
                0x000000000800a22e                USBD_LL_Transmit
 .text.USBD_LL_PrepareReceive
                0x000000000800a274       0x46 ./USB_DEVICE/Target/usbd_conf.o
                0x000000000800a274                USBD_LL_PrepareReceive
 .text.USBD_LL_GetRxDataSize
                0x000000000800a2ba       0x26 ./USB_DEVICE/Target/usbd_conf.o
                0x000000000800a2ba                USBD_LL_GetRxDataSize
 .text.USBD_static_malloc
                0x000000000800a2e0       0x18 ./USB_DEVICE/Target/usbd_conf.o
                0x000000000800a2e0                USBD_static_malloc
 .text.USBD_static_free
                0x000000000800a2f8       0x12 ./USB_DEVICE/Target/usbd_conf.o
                0x000000000800a2f8                USBD_static_free
 .text.HAL_PCDEx_SetConnectionState
                0x000000000800a30a       0x16 ./USB_DEVICE/Target/usbd_conf.o
                0x000000000800a30a                HAL_PCDEx_SetConnectionState
 .text.USBD_Get_USB_Status
                0x000000000800a320       0x58 ./USB_DEVICE/Target/usbd_conf.o
 .text.atoi     0x000000000800a378        0x8 C:/ST/STM32CubeIDE_1.14.0/STM32CubeIDE/plugins/com.st.stm32cube.ide.mcu.externaltools.gnu-tools-for-stm32.11.3.rel1.win32_1.1.100.202309141235/tools/bin/../lib/gcc/arm-none-eabi/11.3.1/../../../../arm-none-eabi/lib/thumb/v7-m/nofp\libc_nano.a(libc_a-atoi.o)
                0x000000000800a378                atoi
 .text._strtol_l.constprop.0
                0x000000000800a380       0xfc C:/ST/STM32CubeIDE_1.14.0/STM32CubeIDE/plugins/com.st.stm32cube.ide.mcu.externaltools.gnu-tools-for-stm32.11.3.rel1.win32_1.1.100.202309141235/tools/bin/../lib/gcc/arm-none-eabi/11.3.1/../../../../arm-none-eabi/lib/thumb/v7-m/nofp\libc_nano.a(libc_a-strtol.o)
 .text.strtol   0x000000000800a47c       0x14 C:/ST/STM32CubeIDE_1.14.0/STM32CubeIDE/plugins/com.st.stm32cube.ide.mcu.externaltools.gnu-tools-for-stm32.11.3.rel1.win32_1.1.100.202309141235/tools/bin/../lib/gcc/arm-none-eabi/11.3.1/../../../../arm-none-eabi/lib/thumb/v7-m/nofp\libc_nano.a(libc_a-strtol.o)
                0x000000000800a47c                strtol
 .text.sprintf  0x000000000800a490       0x40 C:/ST/STM32CubeIDE_1.14.0/STM32CubeIDE/plugins/com.st.stm32cube.ide.mcu.externaltools.gnu-tools-for-stm32.11.3.rel1.win32_1.1.100.202309141235/tools/bin/../lib/gcc/arm-none-eabi/11.3.1/../../../../arm-none-eabi/lib/thumb/v7-m/nofp\libc_nano.a(libc_a-sprintf.o)
                0x000000000800a490                siprintf
                0x000000000800a490                sprintf
 .text.memset   0x000000000800a4d0       0x10 C:/ST/STM32CubeIDE_1.14.0/STM32CubeIDE/plugins/com.st.stm32cube.ide.mcu.externaltools.gnu-tools-for-stm32.11.3.rel1.win32_1.1.100.202309141235/tools/bin/../lib/gcc/arm-none-eabi/11.3.1/../../../../arm-none-eabi/lib/thumb/v7-m/nofp\libc_nano.a(libc_a-memset.o)
                0x000000000800a4d0                memset
 .text.strchr   0x000000000800a4e0       0x1a C:/ST/STM32CubeIDE_1.14.0/STM32CubeIDE/plugins/com.st.stm32cube.ide.mcu.externaltools.gnu-tools-for-stm32.11.3.rel1.win32_1.1.100.202309141235/tools/bin/../lib/gcc/arm-none-eabi/11.3.1/../../../../arm-none-eabi/lib/thumb/v7-m/nofp\libc_nano.a(libc_a-strchr.o)
                0x000000000800a4e0                strchr
 *fill*         0x000000000800a4fa        0x2 
 .text.__errno  0x000000000800a4fc        0xc C:/ST/STM32CubeIDE_1.14.0/STM32CubeIDE/plugins/com.st.stm32cube.ide.mcu.externaltools.gnu-tools-for-stm32.11.3.rel1.win32_1.1.100.202309141235/tools/bin/../lib/gcc/arm-none-eabi/11.3.1/../../../../arm-none-eabi/lib/thumb/v7-m/nofp\libc_nano.a(libc_a-errno.o)
                0x000000000800a4fc                __errno
 .text.__libc_init_array
                0x000000000800a508       0x48 C:/ST/STM32CubeIDE_1.14.0/STM32CubeIDE/plugins/com.st.stm32cube.ide.mcu.externaltools.gnu-tools-for-stm32.11.3.rel1.win32_1.1.100.202309141235/tools/bin/../lib/gcc/arm-none-eabi/11.3.1/../../../../arm-none-eabi/lib/thumb/v7-m/nofp\libc_nano.a(libc_a-init.o)
                0x000000000800a508                __libc_init_array
 .text.__retarget_lock_acquire_recursive
                0x000000000800a550        0x2 C:/ST/STM32CubeIDE_1.14.0/STM32CubeIDE/plugins/com.st.stm32cube.ide.mcu.externaltools.gnu-tools-for-stm32.11.3.rel1.win32_1.1.100.202309141235/tools/bin/../lib/gcc/arm-none-eabi/11.3.1/../../../../arm-none-eabi/lib/thumb/v7-m/nofp\libc_nano.a(libc_a-lock.o)
                0x000000000800a550                __retarget_lock_acquire_recursive
 .text.__retarget_lock_release_recursive
                0x000000000800a552        0x2 C:/ST/STM32CubeIDE_1.14.0/STM32CubeIDE/plugins/com.st.stm32cube.ide.mcu.externaltools.gnu-tools-for-stm32.11.3.rel1.win32_1.1.100.202309141235/tools/bin/../lib/gcc/arm-none-eabi/11.3.1/../../../../arm-none-eabi/lib/thumb/v7-m/nofp\libc_nano.a(libc_a-lock.o)
                0x000000000800a552                __retarget_lock_release_recursive
 .text.memcpy   0x000000000800a554       0x1c C:/ST/STM32CubeIDE_1.14.0/STM32CubeIDE/plugins/com.st.stm32cube.ide.mcu.externaltools.gnu-tools-for-stm32.11.3.rel1.win32_1.1.100.202309141235/tools/bin/../lib/gcc/arm-none-eabi/11.3.1/../../../../arm-none-eabi/lib/thumb/v7-m/nofp\libc_nano.a(libc_a-memcpy-stub.o)
                0x000000000800a554                memcpy
 .text._free_r  0x000000000800a570       0x90 C:/ST/STM32CubeIDE_1.14.0/STM32CubeIDE/plugins/com.st.stm32cube.ide.mcu.externaltools.gnu-tools-for-stm32.11.3.rel1.win32_1.1.100.202309141235/tools/bin/../lib/gcc/arm-none-eabi/11.3.1/../../../../arm-none-eabi/lib/thumb/v7-m/nofp\libc_nano.a(libc_a-freer.o)
                0x000000000800a570                _free_r
 .text.sbrk_aligned
                0x000000000800a600       0x40 C:/ST/STM32CubeIDE_1.14.0/STM32CubeIDE/plugins/com.st.stm32cube.ide.mcu.externaltools.gnu-tools-for-stm32.11.3.rel1.win32_1.1.100.202309141235/tools/bin/../lib/gcc/arm-none-eabi/11.3.1/../../../../arm-none-eabi/lib/thumb/v7-m/nofp\libc_nano.a(libc_a-mallocr.o)
 .text._malloc_r
                0x000000000800a640      0x100 C:/ST/STM32CubeIDE_1.14.0/STM32CubeIDE/plugins/com.st.stm32cube.ide.mcu.externaltools.gnu-tools-for-stm32.11.3.rel1.win32_1.1.100.202309141235/tools/bin/../lib/gcc/arm-none-eabi/11.3.1/../../../../arm-none-eabi/lib/thumb/v7-m/nofp\libc_nano.a(libc_a-mallocr.o)
                0x000000000800a640                _malloc_r
 .text.__malloc_lock
                0x000000000800a740        0xc C:/ST/STM32CubeIDE_1.14.0/STM32CubeIDE/plugins/com.st.stm32cube.ide.mcu.externaltools.gnu-tools-for-stm32.11.3.rel1.win32_1.1.100.202309141235/tools/bin/../lib/gcc/arm-none-eabi/11.3.1/../../../../arm-none-eabi/lib/thumb/v7-m/nofp\libc_nano.a(libc_a-mlock.o)
                0x000000000800a740                __malloc_lock
 .text.__malloc_unlock
                0x000000000800a74c        0xc C:/ST/STM32CubeIDE_1.14.0/STM32CubeIDE/plugins/com.st.stm32cube.ide.mcu.externaltools.gnu-tools-for-stm32.11.3.rel1.win32_1.1.100.202309141235/tools/bin/../lib/gcc/arm-none-eabi/11.3.1/../../../../arm-none-eabi/lib/thumb/v7-m/nofp\libc_nano.a(libc_a-mlock.o)
                0x000000000800a74c                __malloc_unlock
 .text.__ssputs_r
                0x000000000800a758       0xb4 C:/ST/STM32CubeIDE_1.14.0/STM32CubeIDE/plugins/com.st.stm32cube.ide.mcu.externaltools.gnu-tools-for-stm32.11.3.rel1.win32_1.1.100.202309141235/tools/bin/../lib/gcc/arm-none-eabi/11.3.1/../../../../arm-none-eabi/lib/thumb/v7-m/nofp\libc_nano.a(libc_a-nano-svfprintf.o)
                0x000000000800a758                __ssputs_r
 .text._svfprintf_r
                0x000000000800a80c      0x1fc C:/ST/STM32CubeIDE_1.14.0/STM32CubeIDE/plugins/com.st.stm32cube.ide.mcu.externaltools.gnu-tools-for-stm32.11.3.rel1.win32_1.1.100.202309141235/tools/bin/../lib/gcc/arm-none-eabi/11.3.1/../../../../arm-none-eabi/lib/thumb/v7-m/nofp\libc_nano.a(libc_a-nano-svfprintf.o)
                0x000000000800a80c                _svfiprintf_r
                0x000000000800a80c                _svfprintf_r
 .text._printf_common
                0x000000000800aa08       0xe4 C:/ST/STM32CubeIDE_1.14.0/STM32CubeIDE/plugins/com.st.stm32cube.ide.mcu.externaltools.gnu-tools-for-stm32.11.3.rel1.win32_1.1.100.202309141235/tools/bin/../lib/gcc/arm-none-eabi/11.3.1/../../../../arm-none-eabi/lib/thumb/v7-m/nofp\libc_nano.a(libc_a-nano-vfprintf_i.o)
                0x000000000800aa08                _printf_common
 .text._printf_i
                0x000000000800aaec      0x244 C:/ST/STM32CubeIDE_1.14.0/STM32CubeIDE/plugins/com.st.stm32cube.ide.mcu.externaltools.gnu-tools-for-stm32.11.3.rel1.win32_1.1.100.202309141235/tools/bin/../lib/gcc/arm-none-eabi/11.3.1/../../../../arm-none-eabi/lib/thumb/v7-m/nofp\libc_nano.a(libc_a-nano-vfprintf_i.o)
                0x000000000800aaec                _printf_i
 .text.memmove  0x000000000800ad30       0x34 C:/ST/STM32CubeIDE_1.14.0/STM32CubeIDE/plugins/com.st.stm32cube.ide.mcu.externaltools.gnu-tools-for-stm32.11.3.rel1.win32_1.1.100.202309141235/tools/bin/../lib/gcc/arm-none-eabi/11.3.1/../../../../arm-none-eabi/lib/thumb/v7-m/nofp\libc_nano.a(libc_a-memmove.o)
                0x000000000800ad30                memmove
 .text._sbrk_r  0x000000000800ad64       0x20 C:/ST/STM32CubeIDE_1.14.0/STM32CubeIDE/plugins/com.st.stm32cube.ide.mcu.externaltools.gnu-tools-for-stm32.11.3.rel1.win32_1.1.100.202309141235/tools/bin/../lib/gcc/arm-none-eabi/11.3.1/../../../../arm-none-eabi/lib/thumb/v7-m/nofp\libc_nano.a(libc_a-sbrkr.o)
                0x000000000800ad64                _sbrk_r
 .text.memchr   0x000000000800ad84       0x1c C:/ST/STM32CubeIDE_1.14.0/STM32CubeIDE/plugins/com.st.stm32cube.ide.mcu.externaltools.gnu-tools-for-stm32.11.3.rel1.win32_1.1.100.202309141235/tools/bin/../lib/gcc/arm-none-eabi/11.3.1/../../../../arm-none-eabi/lib/thumb/v7-m/nofp\libc_nano.a(libc_a-memchr-stub.o)
                0x000000000800ad84                memchr
 .text._realloc_r
                0x000000000800ada0       0x5e C:/ST/STM32CubeIDE_1.14.0/STM32CubeIDE/plugins/com.st.stm32cube.ide.mcu.externaltools.gnu-tools-for-stm32.11.3.rel1.win32_1.1.100.202309141235/tools/bin/../lib/gcc/arm-none-eabi/11.3.1/../../../../arm-none-eabi/lib/thumb/v7-m/nofp\libc_nano.a(libc_a-reallocr.o)
                0x000000000800ada0                _realloc_r
 .text._malloc_usable_size_r
                0x000000000800adfe       0x10 C:/ST/STM32CubeIDE_1.14.0/STM32CubeIDE/plugins/com.st.stm32cube.ide.mcu.externaltools.gnu-tools-for-stm32.11.3.rel1.win32_1.1.100.202309141235/tools/bin/../lib/gcc/arm-none-eabi/11.3.1/../../../../arm-none-eabi/lib/thumb/v7-m/nofp\libc_nano.a(libc_a-msizer.o)
                0x000000000800adfe                _malloc_usable_size_r
 *(.glue_7)
 .glue_7        0x000000000800ae0e        0x0 linker stubs
 *(.glue_7t)
 .glue_7t       0x000000000800ae0e        0x0 linker stubs
 *(.eh_frame)
 *fill*         0x000000000800ae0e        0x2 
 .eh_frame      0x000000000800ae10        0x0 C:/ST/STM32CubeIDE_1.14.0/STM32CubeIDE/plugins/com.st.stm32cube.ide.mcu.externaltools.gnu-tools-for-stm32.11.3.rel1.win32_1.1.100.202309141235/tools/bin/../lib/gcc/arm-none-eabi/11.3.1/thumb/v7-m/nofp/crtbegin.o
 *(.init)
 .init          0x000000000800ae10        0x4 C:/ST/STM32CubeIDE_1.14.0/STM32CubeIDE/plugins/com.st.stm32cube.ide.mcu.externaltools.gnu-tools-for-stm32.11.3.rel1.win32_1.1.100.202309141235/tools/bin/../lib/gcc/arm-none-eabi/11.3.1/thumb/v7-m/nofp/crti.o
                0x000000000800ae10                _init
 .init          0x000000000800ae14        0x8 C:/ST/STM32CubeIDE_1.14.0/STM32CubeIDE/plugins/com.st.stm32cube.ide.mcu.externaltools.gnu-tools-for-stm32.11.3.rel1.win32_1.1.100.202309141235/tools/bin/../lib/gcc/arm-none-eabi/11.3.1/thumb/v7-m/nofp/crtn.o
 *(.fini)
 .fini          0x000000000800ae1c        0x4 C:/ST/STM32CubeIDE_1.14.0/STM32CubeIDE/plugins/com.st.stm32cube.ide.mcu.externaltools.gnu-tools-for-stm32.11.3.rel1.win32_1.1.100.202309141235/tools/bin/../lib/gcc/arm-none-eabi/11.3.1/thumb/v7-m/nofp/crti.o
                0x000000000800ae1c                _fini
 .fini          0x000000000800ae20        0x8 C:/ST/STM32CubeIDE_1.14.0/STM32CubeIDE/plugins/com.st.stm32cube.ide.mcu.externaltools.gnu-tools-for-stm32.11.3.rel1.win32_1.1.100.202309141235/tools/bin/../lib/gcc/arm-none-eabi/11.3.1/thumb/v7-m/nofp/crtn.o
                0x000000000800ae28                . = ALIGN (0x4)
                0x000000000800ae28                _etext = .

.vfp11_veneer   0x000000000800ae28        0x0
 .vfp11_veneer  0x000000000800ae28        0x0 linker stubs

.v4_bx          0x000000000800ae28        0x0
 .v4_bx         0x000000000800ae28        0x0 linker stubs

.iplt           0x000000000800ae28        0x0
 .iplt          0x000000000800ae28        0x0 C:/ST/STM32CubeIDE_1.14.0/STM32CubeIDE/plugins/com.st.stm32cube.ide.mcu.externaltools.gnu-tools-for-stm32.11.3.rel1.win32_1.1.100.202309141235/tools/bin/../lib/gcc/arm-none-eabi/11.3.1/thumb/v7-m/nofp/crtbegin.o

.rodata         0x000000000800ae28      0x51c
                0x000000000800ae28                . = ALIGN (0x4)
 *(.rodata)
 .rodata        0x000000000800ae28       0xf9 ./Core/Src/main.o
 *fill*         0x000000000800af21        0x3 
 .rodata        0x000000000800af24      0x276 ./Core/Src/robot_logic.o
 *fill*         0x000000000800b19a        0x2 
 .rodata        0x000000000800b19c       0x46 ./USB_DEVICE/App/usbd_desc.o
 *(.rodata*)
 *fill*         0x000000000800b1e2        0x2 
 .rodata.AHBPrescTable
                0x000000000800b1e4       0x10 ./Core/Src/system_stm32f1xx.o
                0x000000000800b1e4                AHBPrescTable
 .rodata.APBPrescTable
                0x000000000800b1f4        0x8 ./Core/Src/system_stm32f1xx.o
                0x000000000800b1f4                APBPrescTable
 .rodata.aPLLMULFactorTable.1
                0x000000000800b1fc       0x10 ./Drivers/STM32F1xx_HAL_Driver/Src/stm32f1xx_hal_rcc.o
 .rodata.aPredivFactorTable.0
                0x000000000800b20c        0x2 ./Drivers/STM32F1xx_HAL_Driver/Src/stm32f1xx_hal_rcc.o
 .rodata._ctype_
                0x000000000800b20e      0x101 C:/ST/STM32CubeIDE_1.14.0/STM32CubeIDE/plugins/com.st.stm32cube.ide.mcu.externaltools.gnu-tools-for-stm32.11.3.rel1.win32_1.1.100.202309141235/tools/bin/../lib/gcc/arm-none-eabi/11.3.1/../../../../arm-none-eabi/lib/thumb/v7-m/nofp\libc_nano.a(libc_a-ctype_.o)
                0x000000000800b20e                _ctype_
 .rodata._svfprintf_r.str1.1
                0x000000000800b30f       0x11 C:/ST/STM32CubeIDE_1.14.0/STM32CubeIDE/plugins/com.st.stm32cube.ide.mcu.externaltools.gnu-tools-for-stm32.11.3.rel1.win32_1.1.100.202309141235/tools/bin/../lib/gcc/arm-none-eabi/11.3.1/../../../../arm-none-eabi/lib/thumb/v7-m/nofp\libc_nano.a(libc_a-nano-svfprintf.o)
 .rodata._printf_i.str1.1
                0x000000000800b320       0x22 C:/ST/STM32CubeIDE_1.14.0/STM32CubeIDE/plugins/com.st.stm32cube.ide.mcu.externaltools.gnu-tools-for-stm32.11.3.rel1.win32_1.1.100.202309141235/tools/bin/../lib/gcc/arm-none-eabi/11.3.1/../../../../arm-none-eabi/lib/thumb/v7-m/nofp\libc_nano.a(libc_a-nano-vfprintf_i.o)
                0x000000000800b344                . = ALIGN (0x4)
 *fill*         0x000000000800b342        0x2 

.rel.dyn        0x000000000800b344        0x0
 .rel.iplt      0x000000000800b344        0x0 C:/ST/STM32CubeIDE_1.14.0/STM32CubeIDE/plugins/com.st.stm32cube.ide.mcu.externaltools.gnu-tools-for-stm32.11.3.rel1.win32_1.1.100.202309141235/tools/bin/../lib/gcc/arm-none-eabi/11.3.1/thumb/v7-m/nofp/crtbegin.o

.ARM.extab      0x000000000800b344        0x0
                0x000000000800b344                . = ALIGN (0x4)
 *(.ARM.extab* .gnu.linkonce.armextab.*)
                0x000000000800b344                . = ALIGN (0x4)

.ARM            0x000000000800b344        0x0
                0x000000000800b344                . = ALIGN (0x4)
                0x000000000800b344                __exidx_start = .
 *(.ARM.exidx*)
                0x000000000800b344                __exidx_end = .
                0x000000000800b344                . = ALIGN (0x4)

.preinit_array  0x000000000800b344        0x0
                0x000000000800b344                . = ALIGN (0x4)
                0x000000000800b344                PROVIDE (__preinit_array_start = .)
 *(.preinit_array*)
                0x000000000800b344                PROVIDE (__preinit_array_end = .)
                0x000000000800b344                . = ALIGN (0x4)

.init_array     0x000000000800b344        0x4
                0x000000000800b344                . = ALIGN (0x4)
                0x000000000800b344                PROVIDE (__init_array_start = .)
 *(SORT_BY_NAME(.init_array.*))
 *(.init_array*)
 .init_array    0x000000000800b344        0x4 C:/ST/STM32CubeIDE_1.14.0/STM32CubeIDE/plugins/com.st.stm32cube.ide.mcu.externaltools.gnu-tools-for-stm32.11.3.rel1.win32_1.1.100.202309141235/tools/bin/../lib/gcc/arm-none-eabi/11.3.1/thumb/v7-m/nofp/crtbegin.o
                0x000000000800b348                PROVIDE (__init_array_end = .)
                0x000000000800b348                . = ALIGN (0x4)

.fini_array     0x000000000800b348        0x4
                0x000000000800b348                . = ALIGN (0x4)
                [!provide]                        PROVIDE (__fini_array_start = .)
 *(SORT_BY_NAME(.fini_array.*))
 *(.fini_array*)
 .fini_array    0x000000000800b348        0x4 C:/ST/STM32CubeIDE_1.14.0/STM32CubeIDE/plugins/com.st.stm32cube.ide.mcu.externaltools.gnu-tools-for-stm32.11.3.rel1.win32_1.1.100.202309141235/tools/bin/../lib/gcc/arm-none-eabi/11.3.1/thumb/v7-m/nofp/crtbegin.o
                [!provide]                        PROVIDE (__fini_array_end = .)
                0x000000000800b34c                . = ALIGN (0x4)
                0x000000000800b34c                _sidata = LOADADDR (.data)

.data           0x0000000020000000      0x1d0 load address 0x000000000800b34c
                0x0000000020000000                . = ALIGN (0x4)
                0x0000000020000000                _sdata = .
 *(.data)
 *(.data*)
 .data.anguloApertura
                0x0000000020000000        0x2 ./Core/Src/gripper_driver.o
 *fill*         0x0000000020000002        0x2 
 .data.SystemCoreClock
                0x0000000020000004        0x4 ./Core/Src/system_stm32f1xx.o
                0x0000000020000004                SystemCoreClock
 .data.uwTickPrio
                0x0000000020000008        0x4 ./Drivers/STM32F1xx_HAL_Driver/Src/stm32f1xx_hal.o
                0x0000000020000008                uwTickPrio
 .data.uwTickFreq
                0x000000002000000c        0x1 ./Drivers/STM32F1xx_HAL_Driver/Src/stm32f1xx_hal.o
                0x000000002000000c                uwTickFreq
 *fill*         0x000000002000000d        0x3 
 .data.USBD_CDC_DeviceQualifierDesc
                0x0000000020000010        0xa ./Middlewares/ST/STM32_USB_Device_Library/Class/CDC/Src/usbd_cdc.o
 *fill*         0x000000002000001a        0x2 
 .data.USBD_CDC
                0x000000002000001c       0x38 ./Middlewares/ST/STM32_USB_Device_Library/Class/CDC/Src/usbd_cdc.o
                0x000000002000001c                USBD_CDC
 .data.USBD_CDC_CfgHSDesc
                0x0000000020000054       0x43 ./Middlewares/ST/STM32_USB_Device_Library/Class/CDC/Src/usbd_cdc.o
                0x0000000020000054                USBD_CDC_CfgHSDesc
 *fill*         0x0000000020000097        0x1 
 .data.USBD_CDC_CfgFSDesc
                0x0000000020000098       0x43 ./Middlewares/ST/STM32_USB_Device_Library/Class/CDC/Src/usbd_cdc.o
                0x0000000020000098                USBD_CDC_CfgFSDesc
 *fill*         0x00000000200000db        0x1 
 .data.USBD_CDC_OtherSpeedCfgDesc
                0x00000000200000dc       0x43 ./Middlewares/ST/STM32_USB_Device_Library/Class/CDC/Src/usbd_cdc.o
                0x00000000200000dc                USBD_CDC_OtherSpeedCfgDesc
 *fill*         0x000000002000011f        0x1 
 .data.USBD_Interface_fops_FS
                0x0000000020000120       0x10 ./USB_DEVICE/App/usbd_cdc_if.o
                0x0000000020000120                USBD_Interface_fops_FS
 .data.FS_Desc  0x0000000020000130       0x1c ./USB_DEVICE/App/usbd_desc.o
                0x0000000020000130                FS_Desc
 .data.USBD_FS_DeviceDesc
                0x000000002000014c       0x12 ./USB_DEVICE/App/usbd_desc.o
                0x000000002000014c                USBD_FS_DeviceDesc
 *fill*         0x000000002000015e        0x2 
 .data.USBD_LangIDDesc
                0x0000000020000160        0x4 ./USB_DEVICE/App/usbd_desc.o
                0x0000000020000160                USBD_LangIDDesc
 .data.USBD_StringSerial
                0x0000000020000164       0x1a ./USB_DEVICE/App/usbd_desc.o
                0x0000000020000164                USBD_StringSerial
 *fill*         0x000000002000017e        0x2 
 .data._impure_data
                0x0000000020000180       0x4c C:/ST/STM32CubeIDE_1.14.0/STM32CubeIDE/plugins/com.st.stm32cube.ide.mcu.externaltools.gnu-tools-for-stm32.11.3.rel1.win32_1.1.100.202309141235/tools/bin/../lib/gcc/arm-none-eabi/11.3.1/../../../../arm-none-eabi/lib/thumb/v7-m/nofp\libc_nano.a(libc_a-impure.o)
                0x0000000020000180                _impure_data
 .data._impure_ptr
                0x00000000200001cc        0x4 C:/ST/STM32CubeIDE_1.14.0/STM32CubeIDE/plugins/com.st.stm32cube.ide.mcu.externaltools.gnu-tools-for-stm32.11.3.rel1.win32_1.1.100.202309141235/tools/bin/../lib/gcc/arm-none-eabi/11.3.1/../../../../arm-none-eabi/lib/thumb/v7-m/nofp\libc_nano.a(libc_a-impure.o)
                0x00000000200001cc                _impure_ptr
 *(.RamFunc)
 *(.RamFunc*)
                0x00000000200001d0                . = ALIGN (0x4)
                0x00000000200001d0                _edata = .

.igot.plt       0x00000000200001d0        0x0 load address 0x000000000800b51c
 .igot.plt      0x00000000200001d0        0x0 C:/ST/STM32CubeIDE_1.14.0/STM32CubeIDE/plugins/com.st.stm32cube.ide.mcu.externaltools.gnu-tools-for-stm32.11.3.rel1.win32_1.1.100.202309141235/tools/bin/../lib/gcc/arm-none-eabi/11.3.1/thumb/v7-m/nofp/crtbegin.o
                0x00000000200001d0                . = ALIGN (0x4)

.bss            0x00000000200001d0     0x15b4 load address 0x000000000800b51c
                0x00000000200001d0                _sbss = .
                0x00000000200001d0                __bss_start__ = _sbss
 *(.bss)
 .bss           0x00000000200001d0       0x1c C:/ST/STM32CubeIDE_1.14.0/STM32CubeIDE/plugins/com.st.stm32cube.ide.mcu.externaltools.gnu-tools-for-stm32.11.3.rel1.win32_1.1.100.202309141235/tools/bin/../lib/gcc/arm-none-eabi/11.3.1/thumb/v7-m/nofp/crtbegin.o
 *(.bss*)
 .bss.estadoGarra
                0x00000000200001ec        0x1 ./Core/Src/gripper_driver.o
                0x00000000200001ec                estadoGarra
 *fill*         0x00000000200001ed        0x1 
 .bss.anguloCierre
                0x00000000200001ee        0x2 ./Core/Src/gripper_driver.o
 .bss.hi2c1     0x00000000200001f0       0x54 ./Core/Src/i2c.o
                0x00000000200001f0                hi2c1
 .bss.motors    0x0000000020000244       0x90 ./Core/Src/main.o
                0x0000000020000244                motors
 .bss.flagUsb   0x00000000200002d4        0x1 ./Core/Src/main.o
                0x00000000200002d4                flagUsb
 *fill*         0x00000000200002d5        0x3 
 .bss.buffer_rx
                0x00000000200002d8       0x28 ./Core/Src/main.o
                0x00000000200002d8                buffer_rx
 .bss.buffer_tx
                0x0000000020000300       0x50 ./Core/Src/main.o
                0x0000000020000300                buffer_tx
 .bss.buffer_data
                0x0000000020000350       0x18 ./Core/Src/main.o
                0x0000000020000350                buffer_data
 .bss.contSeconds
                0x0000000020000368        0x4 ./Core/Src/main.o
                0x0000000020000368                contSeconds
 .bss.robotCalibrated
                0x000000002000036c        0x1 ./Core/Src/main.o
                0x000000002000036c                robotCalibrated
 *fill*         0x000000002000036d        0x3 
 .bss.lcd_timer.1
                0x0000000020000370        0x4 ./Core/Src/main.o
 .bss.lcd_timer.0
                0x0000000020000374        0x4 ./Core/Src/main.o
 .bss.flagStopM_X
                0x0000000020000378        0x1 ./Core/Src/motor_driver.o
                0x0000000020000378                flagStopM_X
 .bss.flagStopM_Y
                0x0000000020000379        0x1 ./Core/Src/motor_driver.o
                0x0000000020000379                flagStopM_Y
 .bss.flagStopM_Z
                0x000000002000037a        0x1 ./Core/Src/motor_driver.o
                0x000000002000037a                flagStopM_Z
 .bss.homeMotor_X
                0x000000002000037b        0x1 ./Core/Src/robot_logic.o
                0x000000002000037b                homeMotor_X
 .bss.homeMotor_Y
                0x000000002000037c        0x1 ./Core/Src/robot_logic.o
                0x000000002000037c                homeMotor_Y
 .bss.homeMotor_Z
                0x000000002000037d        0x1 ./Core/Src/robot_logic.o
                0x000000002000037d                homeMotor_Z
 *fill*         0x000000002000037e        0x2 
 .bss.homeStatus_Local
                0x0000000020000380        0x4 ./Core/Src/robot_logic.o
                0x0000000020000380                homeStatus_Local
 .bss.__sbrk_heap_end
                0x0000000020000384        0x4 ./Core/Src/sysmem.o
 .bss.htim2     0x0000000020000388       0x48 ./Core/Src/tim.o
                0x0000000020000388                htim2
 .bss.htim3     0x00000000200003d0       0x48 ./Core/Src/tim.o
                0x00000000200003d0                htim3
 .bss.htim4     0x0000000020000418       0x48 ./Core/Src/tim.o
                0x0000000020000418                htim4
 .bss.uwTick    0x0000000020000460        0x4 ./Drivers/STM32F1xx_HAL_Driver/Src/stm32f1xx_hal.o
                0x0000000020000460                uwTick
 .bss.cfgidx.0  0x0000000020000464        0x1 ./Middlewares/ST/STM32_USB_Device_Library/Core/Src/usbd_ctlreq.o
 *fill*         0x0000000020000465        0x3 
 .bss.hUsbDeviceFS
                0x0000000020000468      0x2c4 ./USB_DEVICE/App/usb_device.o
                0x0000000020000468                hUsbDeviceFS
 .bss.UserRxBufferFS
                0x000000002000072c      0x400 ./USB_DEVICE/App/usbd_cdc_if.o
                0x000000002000072c                UserRxBufferFS
 .bss.UserTxBufferFS
                0x0000000020000b2c      0x400 ./USB_DEVICE/App/usbd_cdc_if.o
                0x0000000020000b2c                UserTxBufferFS
 .bss.USBD_StrDesc
                0x0000000020000f2c      0x200 ./USB_DEVICE/App/usbd_desc.o
                0x0000000020000f2c                USBD_StrDesc
 .bss.hpcd_USB_FS
                0x000000002000112c      0x2f0 ./USB_DEVICE/Target/usbd_conf.o
                0x000000002000112c                hpcd_USB_FS
 .bss.mem.0     0x000000002000141c      0x220 ./USB_DEVICE/Target/usbd_conf.o
 .bss.__sf      0x000000002000163c      0x138 C:/ST/STM32CubeIDE_1.14.0/STM32CubeIDE/plugins/com.st.stm32cube.ide.mcu.externaltools.gnu-tools-for-stm32.11.3.rel1.win32_1.1.100.202309141235/tools/bin/../lib/gcc/arm-none-eabi/11.3.1/../../../../arm-none-eabi/lib/thumb/v7-m/nofp\libc_nano.a(libc_a-findfp.o)
                0x000000002000163c                __sf
 .bss.errno     0x0000000020001774        0x4 C:/ST/STM32CubeIDE_1.14.0/STM32CubeIDE/plugins/com.st.stm32cube.ide.mcu.externaltools.gnu-tools-for-stm32.11.3.rel1.win32_1.1.100.202309141235/tools/bin/../lib/gcc/arm-none-eabi/11.3.1/../../../../arm-none-eabi/lib/thumb/v7-m/nofp\libc_nano.a(libc_a-reent.o)
                0x0000000020001774                errno
 .bss.__lock___malloc_recursive_mutex
                0x0000000020001778        0x1 C:/ST/STM32CubeIDE_1.14.0/STM32CubeIDE/plugins/com.st.stm32cube.ide.mcu.externaltools.gnu-tools-for-stm32.11.3.rel1.win32_1.1.100.202309141235/tools/bin/../lib/gcc/arm-none-eabi/11.3.1/../../../../arm-none-eabi/lib/thumb/v7-m/nofp\libc_nano.a(libc_a-lock.o)
                0x0000000020001778                __lock___malloc_recursive_mutex
 *fill*         0x0000000020001779        0x3 
 .bss.__malloc_free_list
                0x000000002000177c        0x4 C:/ST/STM32CubeIDE_1.14.0/STM32CubeIDE/plugins/com.st.stm32cube.ide.mcu.externaltools.gnu-tools-for-stm32.11.3.rel1.win32_1.1.100.202309141235/tools/bin/../lib/gcc/arm-none-eabi/11.3.1/../../../../arm-none-eabi/lib/thumb/v7-m/nofp\libc_nano.a(libc_a-mallocr.o)
                0x000000002000177c                __malloc_free_list
 .bss.__malloc_sbrk_start
                0x0000000020001780        0x4 C:/ST/STM32CubeIDE_1.14.0/STM32CubeIDE/plugins/com.st.stm32cube.ide.mcu.externaltools.gnu-tools-for-stm32.11.3.rel1.win32_1.1.100.202309141235/tools/bin/../lib/gcc/arm-none-eabi/11.3.1/../../../../arm-none-eabi/lib/thumb/v7-m/nofp\libc_nano.a(libc_a-mallocr.o)
                0x0000000020001780                __malloc_sbrk_start
 *(COMMON)
                0x0000000020001784                . = ALIGN (0x4)
                0x0000000020001784                _ebss = .
                0x0000000020001784                __bss_end__ = _ebss

._user_heap_stack
                0x0000000020001784      0x604 load address 0x000000000800b51c
                0x0000000020001788                . = ALIGN (0x8)
 *fill*         0x0000000020001784        0x4 
                [!provide]                        PROVIDE (end = .)
                0x0000000020001788                PROVIDE (_end = .)
                0x0000000020001988                . = (. + _Min_Heap_Size)
 *fill*         0x0000000020001788      0x200 
                0x0000000020001d88                . = (. + _Min_Stack_Size)
 *fill*         0x0000000020001988      0x400 
                0x0000000020001d88                . = ALIGN (0x8)

/DISCARD/
 libc.a(*)
 libm.a(*)
 libgcc.a(*)

.ARM.attributes
                0x0000000000000000       0x29
 *(.ARM.attributes)
 .ARM.attributes
                0x0000000000000000       0x1d C:/ST/STM32CubeIDE_1.14.0/STM32CubeIDE/plugins/com.st.stm32cube.ide.mcu.externaltools.gnu-tools-for-stm32.11.3.rel1.win32_1.1.100.202309141235/tools/bin/../lib/gcc/arm-none-eabi/11.3.1/thumb/v7-m/nofp/crti.o
 .ARM.attributes
                0x000000000000001d       0x2d C:/ST/STM32CubeIDE_1.14.0/STM32CubeIDE/plugins/com.st.stm32cube.ide.mcu.externaltools.gnu-tools-for-stm32.11.3.rel1.win32_1.1.100.202309141235/tools/bin/../lib/gcc/arm-none-eabi/11.3.1/thumb/v7-m/nofp/crtbegin.o
 .ARM.attributes
                0x000000000000004a       0x2d ./Core/Src/comm_manager.o
 .ARM.attributes
                0x0000000000000077       0x2d ./Core/Src/gpio.o
 .ARM.attributes
                0x00000000000000a4       0x2d ./Core/Src/gripper_driver.o
 .ARM.attributes
                0x00000000000000d1       0x2d ./Core/Src/i2c.o
 .ARM.attributes
                0x00000000000000fe       0x2d ./Core/Src/lcd_i2c.o
 .ARM.attributes
                0x000000000000012b       0x2d ./Core/Src/main.o
 .ARM.attributes
                0x0000000000000158       0x2d ./Core/Src/motor_driver.o
 .ARM.attributes
                0x0000000000000185       0x2d ./Core/Src/robot_logic.o
 .ARM.attributes
                0x00000000000001b2       0x2d ./Core/Src/stm32f1xx_hal_msp.o
 .ARM.attributes
                0x00000000000001df       0x2d ./Core/Src/stm32f1xx_it.o
 .ARM.attributes
                0x000000000000020c       0x2d ./Core/Src/sysmem.o
 .ARM.attributes
                0x0000000000000239       0x2d ./Core/Src/system_stm32f1xx.o
 .ARM.attributes
                0x0000000000000266       0x2d ./Core/Src/tim.o
 .ARM.attributes
                0x0000000000000293       0x21 ./Core/Startup/startup_stm32f103c8tx.o
 .ARM.attributes
                0x00000000000002b4       0x2d ./Drivers/STM32F1xx_HAL_Driver/Src/stm32f1xx_hal.o
 .ARM.attributes
                0x00000000000002e1       0x2d ./Drivers/STM32F1xx_HAL_Driver/Src/stm32f1xx_hal_cortex.o
 .ARM.attributes
                0x000000000000030e       0x2d ./Drivers/STM32F1xx_HAL_Driver/Src/stm32f1xx_hal_gpio.o
 .ARM.attributes
                0x000000000000033b       0x2d ./Drivers/STM32F1xx_HAL_Driver/Src/stm32f1xx_hal_i2c.o
 .ARM.attributes
                0x0000000000000368       0x2d ./Drivers/STM32F1xx_HAL_Driver/Src/stm32f1xx_hal_pcd.o
 .ARM.attributes
                0x0000000000000395       0x2d ./Drivers/STM32F1xx_HAL_Driver/Src/stm32f1xx_hal_pcd_ex.o
 .ARM.attributes
                0x00000000000003c2       0x2d ./Drivers/STM32F1xx_HAL_Driver/Src/stm32f1xx_hal_rcc.o
 .ARM.attributes
                0x00000000000003ef       0x2d ./Drivers/STM32F1xx_HAL_Driver/Src/stm32f1xx_hal_rcc_ex.o
 .ARM.attributes
                0x000000000000041c       0x2d ./Drivers/STM32F1xx_HAL_Driver/Src/stm32f1xx_hal_tim.o
 .ARM.attributes
                0x0000000000000449       0x2d ./Drivers/STM32F1xx_HAL_Driver/Src/stm32f1xx_hal_tim_ex.o
 .ARM.attributes
                0x0000000000000476       0x2d ./Drivers/STM32F1xx_HAL_Driver/Src/stm32f1xx_ll_usb.o
 .ARM.attributes
                0x00000000000004a3       0x2d ./Middlewares/ST/STM32_USB_Device_Library/Class/CDC/Src/usbd_cdc.o
 .ARM.attributes
                0x00000000000004d0       0x2d ./Middlewares/ST/STM32_USB_Device_Library/Core/Src/usbd_core.o
 .ARM.attributes
                0x00000000000004fd       0x2d ./Middlewares/ST/STM32_USB_Device_Library/Core/Src/usbd_ctlreq.o
 .ARM.attributes
                0x000000000000052a       0x2d ./Middlewares/ST/STM32_USB_Device_Library/Core/Src/usbd_ioreq.o
 .ARM.attributes
                0x0000000000000557       0x2d ./USB_DEVICE/App/usb_device.o
 .ARM.attributes
                0x0000000000000584       0x2d ./USB_DEVICE/App/usbd_cdc_if.o
 .ARM.attributes
                0x00000000000005b1       0x2d ./USB_DEVICE/App/usbd_desc.o
 .ARM.attributes
                0x00000000000005de       0x2d ./USB_DEVICE/Target/usbd_conf.o
 .ARM.attributes
                0x000000000000060b       0x2d C:/ST/STM32CubeIDE_1.14.0/STM32CubeIDE/plugins/com.st.stm32cube.ide.mcu.externaltools.gnu-tools-for-stm32.11.3.rel1.win32_1.1.100.202309141235/tools/bin/../lib/gcc/arm-none-eabi/11.3.1/../../../../arm-none-eabi/lib/thumb/v7-m/nofp\libc_nano.a(libc_a-atoi.o)
 .ARM.attributes
                0x0000000000000638       0x2d C:/ST/STM32CubeIDE_1.14.0/STM32CubeIDE/plugins/com.st.stm32cube.ide.mcu.externaltools.gnu-tools-for-stm32.11.3.rel1.win32_1.1.100.202309141235/tools/bin/../lib/gcc/arm-none-eabi/11.3.1/../../../../arm-none-eabi/lib/thumb/v7-m/nofp\libc_nano.a(libc_a-strtol.o)
 .ARM.attributes
                0x0000000000000665       0x2d C:/ST/STM32CubeIDE_1.14.0/STM32CubeIDE/plugins/com.st.stm32cube.ide.mcu.externaltools.gnu-tools-for-stm32.11.3.rel1.win32_1.1.100.202309141235/tools/bin/../lib/gcc/arm-none-eabi/11.3.1/../../../../arm-none-eabi/lib/thumb/v7-m/nofp\libc_nano.a(libc_a-ctype_.o)
 .ARM.attributes
                0x0000000000000692       0x2d C:/ST/STM32CubeIDE_1.14.0/STM32CubeIDE/plugins/com.st.stm32cube.ide.mcu.externaltools.gnu-tools-for-stm32.11.3.rel1.win32_1.1.100.202309141235/tools/bin/../lib/gcc/arm-none-eabi/11.3.1/../../../../arm-none-eabi/lib/thumb/v7-m/nofp\libc_nano.a(libc_a-findfp.o)
 .ARM.attributes
                0x00000000000006bf       0x2d C:/ST/STM32CubeIDE_1.14.0/STM32CubeIDE/plugins/com.st.stm32cube.ide.mcu.externaltools.gnu-tools-for-stm32.11.3.rel1.win32_1.1.100.202309141235/tools/bin/../lib/gcc/arm-none-eabi/11.3.1/../../../../arm-none-eabi/lib/thumb/v7-m/nofp\libc_nano.a(libc_a-sprintf.o)
 .ARM.attributes
                0x00000000000006ec       0x2d C:/ST/STM32CubeIDE_1.14.0/STM32CubeIDE/plugins/com.st.stm32cube.ide.mcu.externaltools.gnu-tools-for-stm32.11.3.rel1.win32_1.1.100.202309141235/tools/bin/../lib/gcc/arm-none-eabi/11.3.1/../../../../arm-none-eabi/lib/thumb/v7-m/nofp\libc_nano.a(libc_a-memset.o)
 .ARM.attributes
                0x0000000000000719       0x2d C:/ST/STM32CubeIDE_1.14.0/STM32CubeIDE/plugins/com.st.stm32cube.ide.mcu.externaltools.gnu-tools-for-stm32.11.3.rel1.win32_1.1.100.202309141235/tools/bin/../lib/gcc/arm-none-eabi/11.3.1/../../../../arm-none-eabi/lib/thumb/v7-m/nofp\libc_nano.a(libc_a-strchr.o)
 .ARM.attributes
                0x0000000000000746       0x2d C:/ST/STM32CubeIDE_1.14.0/STM32CubeIDE/plugins/com.st.stm32cube.ide.mcu.externaltools.gnu-tools-for-stm32.11.3.rel1.win32_1.1.100.202309141235/tools/bin/../lib/gcc/arm-none-eabi/11.3.1/../../../../arm-none-eabi/lib/thumb/v7-m/nofp\libc_nano.a(libc_a-reent.o)
 .ARM.attributes
                0x0000000000000773       0x2d C:/ST/STM32CubeIDE_1.14.0/STM32CubeIDE/plugins/com.st.stm32cube.ide.mcu.externaltools.gnu-tools-for-stm32.11.3.rel1.win32_1.1.100.202309141235/tools/bin/../lib/gcc/arm-none-eabi/11.3.1/../../../../arm-none-eabi/lib/thumb/v7-m/nofp\libc_nano.a(libc_a-impure.o)
 .ARM.attributes
                0x00000000000007a0       0x2d C:/ST/STM32CubeIDE_1.14.0/STM32CubeIDE/plugins/com.st.stm32cube.ide.mcu.externaltools.gnu-tools-for-stm32.11.3.rel1.win32_1.1.100.202309141235/tools/bin/../lib/gcc/arm-none-eabi/11.3.1/../../../../arm-none-eabi/lib/thumb/v7-m/nofp\libc_nano.a(libc_a-errno.o)
 .ARM.attributes
                0x00000000000007cd       0x2d C:/ST/STM32CubeIDE_1.14.0/STM32CubeIDE/plugins/com.st.stm32cube.ide.mcu.externaltools.gnu-tools-for-stm32.11.3.rel1.win32_1.1.100.202309141235/tools/bin/../lib/gcc/arm-none-eabi/11.3.1/../../../../arm-none-eabi/lib/thumb/v7-m/nofp\libc_nano.a(libc_a-init.o)
 .ARM.attributes
                0x00000000000007fa       0x2d C:/ST/STM32CubeIDE_1.14.0/STM32CubeIDE/plugins/com.st.stm32cube.ide.mcu.externaltools.gnu-tools-for-stm32.11.3.rel1.win32_1.1.100.202309141235/tools/bin/../lib/gcc/arm-none-eabi/11.3.1/../../../../arm-none-eabi/lib/thumb/v7-m/nofp\libc_nano.a(libc_a-lock.o)
 .ARM.attributes
                0x0000000000000827       0x2d C:/ST/STM32CubeIDE_1.14.0/STM32CubeIDE/plugins/com.st.stm32cube.ide.mcu.externaltools.gnu-tools-for-stm32.11.3.rel1.win32_1.1.100.202309141235/tools/bin/../lib/gcc/arm-none-eabi/11.3.1/../../../../arm-none-eabi/lib/thumb/v7-m/nofp\libc_nano.a(libc_a-memcpy-stub.o)
 .ARM.attributes
                0x0000000000000854       0x17 C:/ST/STM32CubeIDE_1.14.0/STM32CubeIDE/plugins/com.st.stm32cube.ide.mcu.externaltools.gnu-tools-for-stm32.11.3.rel1.win32_1.1.100.202309141235/tools/bin/../lib/gcc/arm-none-eabi/11.3.1/../../../../arm-none-eabi/lib/thumb/v7-m/nofp\libc_nano.a(libc_a-strlen.o)
 .ARM.attributes
                0x000000000000086b       0x2d C:/ST/STM32CubeIDE_1.14.0/STM32CubeIDE/plugins/com.st.stm32cube.ide.mcu.externaltools.gnu-tools-for-stm32.11.3.rel1.win32_1.1.100.202309141235/tools/bin/../lib/gcc/arm-none-eabi/11.3.1/../../../../arm-none-eabi/lib/thumb/v7-m/nofp\libc_nano.a(libc_a-freer.o)
 .ARM.attributes
                0x0000000000000898       0x2d C:/ST/STM32CubeIDE_1.14.0/STM32CubeIDE/plugins/com.st.stm32cube.ide.mcu.externaltools.gnu-tools-for-stm32.11.3.rel1.win32_1.1.100.202309141235/tools/bin/../lib/gcc/arm-none-eabi/11.3.1/../../../../arm-none-eabi/lib/thumb/v7-m/nofp\libc_nano.a(libc_a-mallocr.o)
 .ARM.attributes
                0x00000000000008c5       0x2d C:/ST/STM32CubeIDE_1.14.0/STM32CubeIDE/plugins/com.st.stm32cube.ide.mcu.externaltools.gnu-tools-for-stm32.11.3.rel1.win32_1.1.100.202309141235/tools/bin/../lib/gcc/arm-none-eabi/11.3.1/../../../../arm-none-eabi/lib/thumb/v7-m/nofp\libc_nano.a(libc_a-mlock.o)
 .ARM.attributes
                0x00000000000008f2       0x2d C:/ST/STM32CubeIDE_1.14.0/STM32CubeIDE/plugins/com.st.stm32cube.ide.mcu.externaltools.gnu-tools-for-stm32.11.3.rel1.win32_1.1.100.202309141235/tools/bin/../lib/gcc/arm-none-eabi/11.3.1/../../../../arm-none-eabi/lib/thumb/v7-m/nofp\libc_nano.a(libc_a-nano-svfprintf.o)
 .ARM.attributes
                0x000000000000091f       0x2d C:/ST/STM32CubeIDE_1.14.0/STM32CubeIDE/plugins/com.st.stm32cube.ide.mcu.externaltools.gnu-tools-for-stm32.11.3.rel1.win32_1.1.100.202309141235/tools/bin/../lib/gcc/arm-none-eabi/11.3.1/../../../../arm-none-eabi/lib/thumb/v7-m/nofp\libc_nano.a(libc_a-nano-vfprintf_i.o)
 .ARM.attributes
                0x000000000000094c       0x2d C:/ST/STM32CubeIDE_1.14.0/STM32CubeIDE/plugins/com.st.stm32cube.ide.mcu.externaltools.gnu-tools-for-stm32.11.3.rel1.win32_1.1.100.202309141235/tools/bin/../lib/gcc/arm-none-eabi/11.3.1/../../../../arm-none-eabi/lib/thumb/v7-m/nofp\libc_nano.a(libc_a-memmove.o)
 .ARM.attributes
                0x0000000000000979       0x2d C:/ST/STM32CubeIDE_1.14.0/STM32CubeIDE/plugins/com.st.stm32cube.ide.mcu.externaltools.gnu-tools-for-stm32.11.3.rel1.win32_1.1.100.202309141235/tools/bin/../lib/gcc/arm-none-eabi/11.3.1/../../../../arm-none-eabi/lib/thumb/v7-m/nofp\libc_nano.a(libc_a-sbrkr.o)
 .ARM.attributes
                0x00000000000009a6       0x2d C:/ST/STM32CubeIDE_1.14.0/STM32CubeIDE/plugins/com.st.stm32cube.ide.mcu.externaltools.gnu-tools-for-stm32.11.3.rel1.win32_1.1.100.202309141235/tools/bin/../lib/gcc/arm-none-eabi/11.3.1/../../../../arm-none-eabi/lib/thumb/v7-m/nofp\libc_nano.a(libc_a-memchr-stub.o)
 .ARM.attributes
                0x00000000000009d3       0x2d C:/ST/STM32CubeIDE_1.14.0/STM32CubeIDE/plugins/com.st.stm32cube.ide.mcu.externaltools.gnu-tools-for-stm32.11.3.rel1.win32_1.1.100.202309141235/tools/bin/../lib/gcc/arm-none-eabi/11.3.1/../../../../arm-none-eabi/lib/thumb/v7-m/nofp\libc_nano.a(libc_a-reallocr.o)
 .ARM.attributes
                0x0000000000000a00       0x2d C:/ST/STM32CubeIDE_1.14.0/STM32CubeIDE/plugins/com.st.stm32cube.ide.mcu.externaltools.gnu-tools-for-stm32.11.3.rel1.win32_1.1.100.202309141235/tools/bin/../lib/gcc/arm-none-eabi/11.3.1/../../../../arm-none-eabi/lib/thumb/v7-m/nofp\libc_nano.a(libc_a-msizer.o)
 .ARM.attributes
                0x0000000000000a2d       0x1d C:/ST/STM32CubeIDE_1.14.0/STM32CubeIDE/plugins/com.st.stm32cube.ide.mcu.externaltools.gnu-tools-for-stm32.11.3.rel1.win32_1.1.100.202309141235/tools/bin/../lib/gcc/arm-none-eabi/11.3.1/thumb/v7-m/nofp/crtn.o
OUTPUT(RobotArm.elf elf32-littlearm)
LOAD linker stubs
LOAD C:/ST/STM32CubeIDE_1.14.0/STM32CubeIDE/plugins/com.st.stm32cube.ide.mcu.externaltools.gnu-tools-for-stm32.11.3.rel1.win32_1.1.100.202309141235/tools/bin/../lib/gcc/arm-none-eabi/11.3.1/../../../../arm-none-eabi/lib/thumb/v7-m/nofp\libc.a
LOAD C:/ST/STM32CubeIDE_1.14.0/STM32CubeIDE/plugins/com.st.stm32cube.ide.mcu.externaltools.gnu-tools-for-stm32.11.3.rel1.win32_1.1.100.202309141235/tools/bin/../lib/gcc/arm-none-eabi/11.3.1/../../../../arm-none-eabi/lib/thumb/v7-m/nofp\libm.a
LOAD C:/ST/STM32CubeIDE_1.14.0/STM32CubeIDE/plugins/com.st.stm32cube.ide.mcu.externaltools.gnu-tools-for-stm32.11.3.rel1.win32_1.1.100.202309141235/tools/bin/../lib/gcc/arm-none-eabi/11.3.1/thumb/v7-m/nofp\libgcc.a

.comment        0x0000000000000000       0x43
 .comment       0x0000000000000000       0x43 C:/ST/STM32CubeIDE_1.14.0/STM32CubeIDE/plugins/com.st.stm32cube.ide.mcu.externaltools.gnu-tools-for-stm32.11.3.rel1.win32_1.1.100.202309141235/tools/bin/../lib/gcc/arm-none-eabi/11.3.1/thumb/v7-m/nofp/crtbegin.o
                                         0x44 (size before relaxing)
 .comment       0x0000000000000043       0x44 ./Core/Src/comm_manager.o
 .comment       0x0000000000000043       0x44 ./Core/Src/gpio.o
 .comment       0x0000000000000043       0x44 ./Core/Src/gripper_driver.o
 .comment       0x0000000000000043       0x44 ./Core/Src/i2c.o
 .comment       0x0000000000000043       0x44 ./Core/Src/lcd_i2c.o
 .comment       0x0000000000000043       0x44 ./Core/Src/main.o
 .comment       0x0000000000000043       0x44 ./Core/Src/motor_driver.o
 .comment       0x0000000000000043       0x44 ./Core/Src/robot_logic.o
 .comment       0x0000000000000043       0x44 ./Core/Src/stm32f1xx_hal_msp.o
 .comment       0x0000000000000043       0x44 ./Core/Src/stm32f1xx_it.o
 .comment       0x0000000000000043       0x44 ./Core/Src/sysmem.o
 .comment       0x0000000000000043       0x44 ./Core/Src/system_stm32f1xx.o
 .comment       0x0000000000000043       0x44 ./Core/Src/tim.o
 .comment       0x0000000000000043       0x44 ./Drivers/STM32F1xx_HAL_Driver/Src/stm32f1xx_hal.o
 .comment       0x0000000000000043       0x44 ./Drivers/STM32F1xx_HAL_Driver/Src/stm32f1xx_hal_cortex.o
 .comment       0x0000000000000043       0x44 ./Drivers/STM32F1xx_HAL_Driver/Src/stm32f1xx_hal_gpio.o
 .comment       0x0000000000000043       0x44 ./Drivers/STM32F1xx_HAL_Driver/Src/stm32f1xx_hal_i2c.o
 .comment       0x0000000000000043       0x44 ./Drivers/STM32F1xx_HAL_Driver/Src/stm32f1xx_hal_pcd.o
 .comment       0x0000000000000043       0x44 ./Drivers/STM32F1xx_HAL_Driver/Src/stm32f1xx_hal_pcd_ex.o
 .comment       0x0000000000000043       0x44 ./Drivers/STM32F1xx_HAL_Driver/Src/stm32f1xx_hal_rcc.o
 .comment       0x0000000000000043       0x44 ./Drivers/STM32F1xx_HAL_Driver/Src/stm32f1xx_hal_rcc_ex.o
 .comment       0x0000000000000043       0x44 ./Drivers/STM32F1xx_HAL_Driver/Src/stm32f1xx_hal_tim.o
 .comment       0x0000000000000043       0x44 ./Drivers/STM32F1xx_HAL_Driver/Src/stm32f1xx_hal_tim_ex.o